 MiniX

 Timestamp is 5d28aaa4 (Fri Jul 12 11:43:32 2019)

 Preferred load address is 10000000

 Start         Length     Name                   Class
 0001:00000000 000861a1H .textbss                DATA
 0002:00000000 0006c88eH .text                   CODE
 0002:0006c890 0000622bH .text$AFX_AUX           CODE
 0002:00072ac0 000150a1H .text$AFX_CMNCTL        CODE
 0002:00087b70 0000a09dH .text$AFX_COL1          CODE
 0002:00091c10 00006e57H .text$AFX_COL2          CODE
 0002:00098a70 0001e238H .text$AFX_CORE1         CODE
 0002:000b6cb0 0000f8b4H .text$AFX_CORE2         CODE
 0002:000c6570 00012252H .text$AFX_CORE3         CODE
 0002:000d87d0 00016f5cH .text$AFX_CORE4         CODE
 0002:000ef730 00007d90H .text$AFX_DBG1          CODE
 0002:000f74c0 0000fe3fH .text$AFX_DBG2          CODE
 0002:00107300 00001264H .text$AFX_INET          CODE
 0002:00108570 0000ef1cH .text$AFX_INIT          CODE
 0002:00117490 00005148H .text$AFX_OLE1          CODE
 0002:0011c5e0 000021c1H .text$AFX_OLE3          CODE
 0002:0011e7b0 00002295H .text$AFX_OLE4          CODE
 0002:00120a50 00005be8H .text$AFX_OLE5          CODE
 0002:00126640 00002eecH .text$AFX_PRNT          CODE
 0002:00129530 0000151cH .text$AFX_TERM          CODE
 0002:0012aa50 0000510fH .text$x                 CODE
 0002:0012fb60 00001765H .text$yc                CODE
 0002:001312d0 0000128cH .text$yd                CODE
 0003:00000000 000401b2H .rdata                  DATA
 0003:000401b4 0000018bH .rdata$debug            DATA
 0003:00040340 000031feH .rdata$r                DATA
 0003:00043540 00000104H .rtc$IAA                DATA
 0003:00043644 0000011cH .rtc$IMZ                DATA
 0003:00043760 00000104H .rtc$IZZ                DATA
 0003:00043864 00000104H .rtc$TAA                DATA
 0003:00043968 0000011cH .rtc$TMZ                DATA
 0003:00043a84 00000104H .rtc$TZZ                DATA
 0003:00043b88 00006528H .xdata$x                DATA
 0003:0004a0b0 00000104H ATL$__a                 DATA
 0003:0004a1b4 00000104H ATL$__z                 DATA
 0003:0004a2c0 00000374H .edata                  DATA
 0004:00000000 00000104H .CRT$XCA                DATA
 0004:00000104 00000104H .CRT$XCAA               DATA
 0004:00000208 0000011cH .CRT$XCC                DATA
 0004:00000324 000001ebH .CRT$XCL                DATA
 0004:00000510 000001a6H .CRT$XCU                DATA
 0004:000006b8 00000104H .CRT$XCZ                DATA
 0004:000007bc 00000104H .CRT$XIA                DATA
 0004:000008c0 00000113H .CRT$XIC                DATA
 0004:000009d4 00000104H .CRT$XIY                DATA
 0004:00000ad8 00000104H .CRT$XIZ                DATA
 0004:00000bdc 00000104H .CRT$XPA                DATA
 0004:00000ce0 00000104H .CRT$XPX                DATA
 0004:00000de4 00000104H .CRT$XPZ                DATA
 0004:00000ee8 00000104H .CRT$XTA                DATA
 0004:00000fec 00000104H .CRT$XTB                DATA
 0004:000010f0 00000104H .CRT$XTZ                DATA
 0004:00001200 00003188H .data                   DATA
 0004:000043a0 00022008H .bss                    DATA
 0005:00000000 000000f0H .idata$2                DATA
 0005:000000f0 00000014H .idata$3                DATA
 0005:00000104 00001060H .idata$4                DATA
 0005:00001164 00001060H .idata$5                DATA
 0005:000021c4 00003789H .idata$6                DATA
 0006:00000000 00000020H .didat$2                DATA
 0006:00000020 00000020H .didat$3                DATA
 0006:00000040 00000038H .didat$4                DATA
 0006:00000078 00000038H .didat$5                DATA
 0006:000000b0 00000155H .didat$6                DATA
 0006:00000208 00000111H .didat$7                DATA
 0007:00000000 0000122cH .rsrc$01                DATA
 0007:00001230 0003cfa0H .rsrc$02                DATA

  Address         Publics by Value              Rva+Base     Lib:Object

 0000:00000000       ___safe_se_handler_count   00000000     <absolute>
 0000:00000000       ___safe_se_handler_table   00000000     <absolute>
 0000:00000000       __except_list              00000000     <absolute>
 0000:00000000       ___ImageBase               10000000     <linker-defined>
 0001:00000000       __enc$textbss$begin        10001000     <linker-defined>
 0001:000861a1       __enc$textbss$end          100871a1     <linker-defined>
 0002:00010a00       ??0CColorEdit@@QAE@XZ      10098a00 f   ColorControls.obj
 0002:00010af0       ??_GCColorEdit@@UAEPAXI@Z  10098af0 f i ColorControls.obj
 0002:00010af0       ??_ECColorEdit@@UAEPAXI@Z  10098af0 f i ColorControls.obj
 0002:00010b60       ??1CColorEdit@@UAE@XZ      10098b60 f   ColorControls.obj
 0002:00010c00       ?GetMessageMap@CColorEdit@@MBEPBUAFX_MSGMAP@@XZ 10098c00 f   ColorControls.obj
 0002:00010c40       ?SetTextColor@CColorEdit@@QAEXK@Z 10098c40 f   ColorControls.obj
 0002:00010cb0       ?SetBkColor@CColorEdit@@QAEXK@Z 10098cb0 f   ColorControls.obj
 0002:00010d40       ?CtlColor@CColorEdit@@IAEPAUHBRUSH__@@PAVCDC@@I@Z 10098d40 f   ColorControls.obj
 0002:00010df0       ?SetReadOnly@CColorEdit@@QAEHH@Z 10098df0 f   ColorControls.obj
 0002:00010e80       ??0CColorStatic@@QAE@XZ    10098e80 f   ColorControls.obj
 0002:00010f70       ??_GCColorStatic@@UAEPAXI@Z 10098f70 f i ColorControls.obj
 0002:00010f70       ??_ECColorStatic@@UAEPAXI@Z 10098f70 f i ColorControls.obj
 0002:00010fe0       ??1CColorStatic@@UAE@XZ    10098fe0 f   ColorControls.obj
 0002:00011080       ?GetMessageMap@CColorStatic@@MBEPBUAFX_MSGMAP@@XZ 10099080 f   ColorControls.obj
 0002:000110c0       ?SetTextColor@CColorStatic@@QAEXK@Z 100990c0 f   ColorControls.obj
 0002:00011130       ?SetBkColor@CColorStatic@@QAEXK@Z 10099130 f   ColorControls.obj
 0002:000111c0       ?CtlColor@CColorStatic@@IAEPAUHBRUSH__@@PAVCDC@@I@Z 100991c0 f   ColorControls.obj
 0002:00011270       ??0CINI@@QAE@V?$CStringT@DV?$StrTraitMFC@DV?$ChTraitsCRT@D@ATL@@@@@ATL@@@Z 10099270 f   INI.obj
 0002:00011440       ??_ECINI@@UAEPAXI@Z        10099440 f i INI.obj
 0002:00011440       ??_GCINI@@UAEPAXI@Z        10099440 f i INI.obj
 0002:000114b0       ??1CINI@@UAE@XZ            100994b0 f   INI.obj
 0002:00011620       ?getKeyValue@CINI@@QAE?AV?$CStringT@DV?$StrTraitMFC@DV?$ChTraitsCRT@D@ATL@@@@@ATL@@V23@0@Z 10099620 f   INI.obj
 0002:000117d0       ?setKey@CINI@@QAEJV?$CStringT@DV?$StrTraitMFC@DV?$ChTraitsCRT@D@ATL@@@@@ATL@@00@Z 100997d0 f   INI.obj
 0002:000118a0       ?DeleteKey@CINI@@QAEJV?$CStringT@DV?$StrTraitMFC@DV?$ChTraitsCRT@D@ATL@@@@@ATL@@0@Z 100998a0 f   INI.obj
 0002:00011960       ?DeleteSection@CINI@@QAEJV?$CStringT@DV?$StrTraitMFC@DV?$ChTraitsCRT@D@ATL@@@@@ATL@@@Z 10099960 f   INI.obj
 0002:00011a10       ?sectionExists@CINI@@QAEHV?$CStringT@DV?$StrTraitMFC@DV?$ChTraitsCRT@D@ATL@@@@@ATL@@@Z 10099a10 f   INI.obj
 0002:00011b30       ?getSectionNames@CINI@@QAEPAVCStringList@@XZ 10099b30 f   INI.obj
 0002:00011db0       ?getSectionData@CINI@@QAEPAVCStringList@@V?$CStringT@DV?$StrTraitMFC@DV?$ChTraitsCRT@D@ATL@@@@@ATL@@@Z 10099db0 f   INI.obj
 0002:00012050       ?setINIFileName@CINI@@QAEXV?$CStringT@DV?$StrTraitMFC@DV?$ChTraitsCRT@D@ATL@@@@@ATL@@@Z 1009a050 f   INI.obj
 0002:000120f0       ??4?$CStringT@DV?$StrTraitMFC@DV?$ChTraitsCRT@D@ATL@@@@@ATL@@QAEAAV01@ABV01@@Z 1009a0f0 f i INI.obj
 0002:00012150       ??HATL@@YA?AV?$CStringT@DV?$StrTraitMFC@DV?$ChTraitsCRT@D@ATL@@@@@0@ABV10@D@Z 1009a150 f i INI.obj
 0002:000122a0       ??9ATL@@YA_NABV?$CStringT@DV?$StrTraitMFC@DV?$ChTraitsCRT@D@ATL@@@@@0@PBD@Z 1009a2a0 f i INI.obj
 0002:00012300       ??0?$CStringT@DV?$StrTraitMFC@DV?$ChTraitsCRT@D@ATL@@@@@ATL@@QAE@PAUIAtlStringMgr@1@@Z 1009a300 f i INI.obj
 0002:00012360       ?Compare@?$CStringT@DV?$StrTraitMFC@DV?$ChTraitsCRT@D@ATL@@@@@ATL@@QBEHPBD@Z 1009a360 f i INI.obj
 0002:00012410       ??4?$CSimpleStringT@D$0A@@ATL@@QAEAAV01@ABV01@@Z 1009a410 f i INI.obj
 0002:00012500       ?GetManager@?$CSimpleStringT@D$0A@@ATL@@QBEPAUIAtlStringMgr@2@XZ 1009a500 f i INI.obj
 0002:00012580       ?Concatenate@?$CSimpleStringT@D$0A@@ATL@@KAXAAV12@PBDH1H@Z 1009a580 f i INI.obj
 0002:00012630       ?StringCompare@?$ChTraitsCRT@D@ATL@@SAHPBD0@Z 1009a630 f i INI.obj
 0002:00012690       ?_AtlGetThreadACPThunk@ATL@@YGIXZ 1009a690 f i INI.obj
 0002:00012790       ?InterlockedExchangePointer@@YGPAXPAPAXPAX@Z 1009a790 f i INI.obj
 0002:000127f0       ?_AtlGetThreadACPFake@ATL@@YGIXZ 1009a7f0 f i INI.obj
 0002:00012920       ?_AtlGetThreadACPReal@ATL@@YGIXZ 1009a920 f i INI.obj
 0002:00012960       ?AtlIsValidString@ATL@@YAHPBDI@Z 1009a960 f i INI.obj
 0002:000129d0       ?IsLocked@CStringData@ATL@@QBE_NXZ 1009a9d0 f i INI.obj
 0002:00012a20       ?Release@CStringData@ATL@@QAEXXZ 1009aa20 f i INI.obj
 0002:00012ad0       ??0?$CStringT@DV?$StrTraitMFC@DV?$ChTraitsCRT@D@ATL@@@@@ATL@@QAE@XZ 1009aad0 f i INI.obj
 0002:00012b30       ??0?$CStringT@DV?$StrTraitMFC@DV?$ChTraitsCRT@D@ATL@@@@@ATL@@QAE@ABV01@@Z 1009ab30 f i INI.obj
 0002:00012b90       ??0?$CStringT@DV?$StrTraitMFC@DV?$ChTraitsCRT@D@ATL@@@@@ATL@@QAE@PBD@Z 1009ab90 f i INI.obj
 0002:00012c50       ??1?$CStringT@DV?$StrTraitMFC@DV?$ChTraitsCRT@D@ATL@@@@@ATL@@QAE@XZ 1009ac50 f i INI.obj
 0002:00012ca0       ??B?$CSimpleStringT@D$0A@@ATL@@QBEPBDXZ 1009aca0 f i INI.obj
 0002:00012ce0       ?GetLength@?$CSimpleStringT@D$0A@@ATL@@QBEHXZ 1009ace0 f i INI.obj
 0002:00012d40       ??4?$CStringT@DV?$StrTraitMFC@DV?$ChTraitsCRT@D@ATL@@@@@ATL@@QAEAAV01@PBD@Z 1009ad40 f i INI.obj
 0002:00012da0       ?CheckImplicitLoad@?$CStringT@DV?$StrTraitMFC@DV?$ChTraitsCRT@D@ATL@@@@@ATL@@AAE_NPBX@Z 1009ada0 f i INI.obj
 0002:00012e70       ??0CTraceFileAndLineInfo@ATL@@QAE@PBDH@Z 1009ae70 f i INI.obj
 0002:00012ec0       ??RCTraceFileAndLineInfo@ATL@@QBAXKIPBDZZ 1009aec0 f i INI.obj
 0002:00012f50       ?TraceV@CTrace@ATL@@QBAXPBDHKI0PAD@Z 1009af50 f i INI.obj
 0002:00012fc0       ??BCTraceCategory@ATL@@QBEKXZ 1009afc0 f i INI.obj
 0002:00013000       ?LoadStringA@?$CStringT@DV?$StrTraitMFC@DV?$ChTraitsCRT@D@ATL@@@@@ATL@@QAEHI@Z 1009b000 f i INI.obj
 0002:00013080       ?LoadStringA@?$CStringT@DV?$StrTraitMFC@DV?$ChTraitsCRT@D@ATL@@@@@ATL@@QAEHPAUHINSTANCE__@@I@Z 1009b080 f i INI.obj
 0002:00013160       ?AtlGetStringResourceImage@ATL@@YAPBUATLSTRINGRESOURCEIMAGE@1@PAUHINSTANCE__@@I@Z 1009b160 f i INI.obj
 0002:00013200       ?_AtlGetStringResourceImage@ATL@@YAPBUATLSTRINGRESOURCEIMAGE@1@PAUHINSTANCE__@@PAUHRSRC__@@I@Z 1009b200 f i INI.obj
 0002:00013330       ??0?$CSimpleStringT@D$0A@@ATL@@QAE@PAUIAtlStringMgr@1@@Z 1009b330 f i INI.obj
 0002:000133e0       ??0?$CSimpleStringT@D$0A@@ATL@@QAE@ABV01@@Z 1009b3e0 f i INI.obj
 0002:00013460       ??1?$CSimpleStringT@D$0A@@ATL@@QAE@XZ 1009b460 f i INI.obj
 0002:000134c0       ?GetBuffer@?$CSimpleStringT@D$0A@@ATL@@QAEPADH@Z 1009b4c0 f i INI.obj
 0002:00013520       ?GetData@?$CSimpleStringT@D$0A@@ATL@@ABEPAUCStringData@2@XZ 1009b520 f i INI.obj
 0002:00013560       ?PrepareWrite@?$CSimpleStringT@D$0A@@ATL@@AAEPADH@Z 1009b560 f i INI.obj
 0002:00013600       ?FindStringResourceInstance@?$StrTraitMFC@DV?$ChTraitsCRT@D@ATL@@@@SAPAUHINSTANCE__@@I@Z 1009b600 f i INI.obj
 0002:00013650       ?GetDefaultManager@?$StrTraitMFC@DV?$ChTraitsCRT@D@ATL@@@@SAPAUIAtlStringMgr@ATL@@XZ 1009b650 f i INI.obj
 0002:000136a0       ??4?$CSimpleStringT@D$0A@@ATL@@QAEAAV01@PBD@Z 1009b6a0 f i INI.obj
 0002:00013700       ?ReleaseBufferSetLength@?$CSimpleStringT@D$0A@@ATL@@QAEXH@Z 1009b700 f i INI.obj
 0002:00013790       ?SetLength@?$CSimpleStringT@D$0A@@ATL@@AAEXH@Z 1009b790 f i INI.obj
 0002:00013890       ?AtlThrow@ATL@@YGXJ@Z      1009b890 f i INI.obj
 0002:00013940       ?Attach@?$CSimpleStringT@D$0A@@ATL@@AAEXPAUCStringData@2@@Z 1009b940 f i INI.obj
 0002:000139a0       ?data@CStringData@ATL@@QAEPAXXZ 1009b9a0 f i INI.obj
 0002:000139e0       ?PrepareWrite2@?$CSimpleStringT@D$0A@@ATL@@AAEXH@Z 1009b9e0 f i INI.obj
 0002:00013ae0       ?IsShared@CStringData@ATL@@QBE_NXZ 1009bae0 f i INI.obj
 0002:00013b30       ?CloneData@?$CSimpleStringT@D$0A@@ATL@@CAPAUCStringData@2@PAU32@@Z 1009bb30 f i INI.obj
 0002:00013c50       ?AddRef@CStringData@ATL@@QAEXXZ 1009bc50 f i INI.obj
 0002:00013ce0       ?GetBaseTypeLength@?$ChTraitsCRT@D@ATL@@SAHPB_WH@Z 1009bce0 f i INI.obj
 0002:00013d50       ?_AtlGetConversionACP@ATL@@YGIXZ 1009bd50 f i INI.obj
 0002:00013db0       ?ConvertToBaseType@?$ChTraitsCRT@D@ATL@@SAXPADHPB_WH@Z 1009bdb0 f i INI.obj
 0002:00013e30       ?SetString@?$CSimpleStringT@D$0A@@ATL@@QAEXPBD@Z 1009be30 f i INI.obj
 0002:00013ea0       ?StringLength@?$CSimpleStringT@D$0A@@ATL@@SAHPBD@Z 1009bea0 f i INI.obj
 0002:00013f00       ?CopyChars@?$CSimpleStringT@D$0A@@ATL@@SAXPADPBDH@Z 1009bf00 f i INI.obj
 0002:00013f60       ?ThrowMemoryException@?$CSimpleStringT@D$0A@@ATL@@KAXXZ 1009bf60 f i INI.obj
 0002:00013fb0       ?Fork@?$CSimpleStringT@D$0A@@ATL@@AAEXH@Z 1009bfb0 f i INI.obj
 0002:000140f0       ?Reallocate@?$CSimpleStringT@D$0A@@ATL@@AAEXH@Z 1009c0f0 f i INI.obj
 0002:000141d0       ?SetString@?$CSimpleStringT@D$0A@@ATL@@QAEXPBDH@Z 1009c1d0 f i INI.obj
 0002:000142d0       ?Empty@?$CSimpleStringT@D$0A@@ATL@@QAEXXZ 1009c2d0 f i INI.obj
 0002:000143a0       ?GetString@?$CSimpleStringT@D$0A@@ATL@@QBEPBDXZ 1009c3a0 f i INI.obj
 0002:000143e0       ?CopyCharsOverlapped@?$CSimpleStringT@D$0A@@ATL@@SAXPADPBDH@Z 1009c3e0 f i INI.obj
 0002:00014440       ?CreateObject@CDialogThread@@SGPAVCObject@@XZ 1009c440 f   MiniXAPI.obj
 0002:00014510       ??0CDialogThread@@QAE@XZ   1009c510 f i MiniXAPI.obj
 0002:00014570       ??_GCDialogThread@@UAEPAXI@Z 1009c570 f i MiniXAPI.obj
 0002:00014570       ??_ECDialogThread@@UAEPAXI@Z 1009c570 f i MiniXAPI.obj
 0002:000145e0       ??1CDialogThread@@UAE@XZ   1009c5e0 f i MiniXAPI.obj
 0002:00014630       ?GetRuntimeClass@CDialogThread@@UBEPAUCRuntimeClass@@XZ 1009c630 f   MiniXAPI.obj
 0002:00014670       ?InitInstance@CDialogThread@@UAEHXZ 1009c670 f   MiniXAPI.obj
 0002:00014790       ??1CMiniXDlg@@UAE@XZ       1009c790 f i MiniXAPI.obj
 0002:00014970       ?OpenMiniX@@YGXXZ          1009c970 f   MiniXAPI.obj
 0002:000149d0       ?isMiniXDlg@@YGEXZ         1009c9d0 f   MiniXAPI.obj
 0002:00014a20       ?CloseMiniX@@YGXXZ         1009ca20 f   MiniXAPI.obj
 0002:00014aa0       ?SendMiniXCommand@@YGXE@Z  1009caa0 f   MiniXAPI.obj
 0002:00014bf0       ?MonitorToString@@YA?AV?$CStringT@DV?$StrTraitMFC@DV?$ChTraitsCRT@D@ATL@@@@@ATL@@PAU_MiniX_Monitor@@@Z 1009cbf0 f   MiniXAPI.obj
 0002:00015620       ?ReadMiniXMonitor@@YGXPAU_MiniX_Monitor@@@Z 1009d620 f   MiniXAPI.obj
 0002:000156d0       ?SetMiniXHV@@YGXN@Z        1009d6d0 f   MiniXAPI.obj
 0002:000157f0       ?SetMiniXCurrent@@YGXN@Z   1009d7f0 f   MiniXAPI.obj
 0002:00015910       ?ReadMiniXSettings@@YGXPAU_MiniX_Settings@@@Z 1009d910 f   MiniXAPI.obj
 0002:00015980       ?ReadMiniXSerialNumber@@YGJXZ 1009d980 f   MiniXAPI.obj
 0002:000159e0       ?ClearDeviceList@@YGXXZ    1009d9e0 f   MiniXAPI.obj
 0002:00015a40       ?GetDeviceList@@YGXXZ      1009da40 f   MiniXAPI.obj
 0002:00015aa0       ?GetDeviceCount@@YGJXZ     1009daa0 f   MiniXAPI.obj
 0002:00015b00       ?GetDeviceSerialNumberByIndex@@YGJJPAD@Z 1009db00 f   MiniXAPI.obj
 0002:00015c90       ?SetDevice@@YGXJ@Z         1009dc90 f   MiniXAPI.obj
 0002:00015d00       ?ReadMinixOemMxDeviceType@@YGJXZ 1009dd00 f   MiniXAPI.obj
 0002:00015d60       ??Y?$CStringT@DV?$StrTraitMFC@DV?$ChTraitsCRT@D@ATL@@@@@ATL@@QAEAAV01@ABV?$CSimpleStringT@D$0A@@1@@Z 1009dd60 f i MiniXAPI.obj
 0002:00015dc0       ?Format@?$CStringT@DV?$StrTraitMFC@DV?$ChTraitsCRT@D@ATL@@@@@ATL@@QAAXPBDZZ 1009ddc0 f i MiniXAPI.obj
 0002:00015e70       ??HATL@@YA?AV?$CStringT@DV?$StrTraitMFC@DV?$ChTraitsCRT@D@ATL@@@@@0@ABV10@PBD@Z 1009de70 f i MiniXAPI.obj
 0002:00015fb0       ??HATL@@YA?AV?$CStringT@DV?$StrTraitMFC@DV?$ChTraitsCRT@D@ATL@@@@@0@PBDABV10@@Z 1009dfb0 f i MiniXAPI.obj
 0002:000160f0       ?FormatV@?$CStringT@DV?$StrTraitMFC@DV?$ChTraitsCRT@D@ATL@@@@@ATL@@QAEXPBDPAD@Z 1009e0f0 f i MiniXAPI.obj
 0002:000161e0       ??Y?$CSimpleStringT@D$0A@@ATL@@QAEAAV01@ABV01@@Z 1009e1e0 f i MiniXAPI.obj
 0002:00016240       ?Append@?$CSimpleStringT@D$0A@@ATL@@QAEXABV12@@Z 1009e240 f i MiniXAPI.obj
 0002:000162b0       ?Append@?$CSimpleStringT@D$0A@@ATL@@QAEXPBDH@Z 1009e2b0 f i MiniXAPI.obj
 0002:00016380       ?GetFormattedLength@?$ChTraitsCRT@D@ATL@@SAHPBDPAD@Z 1009e380 f i MiniXAPI.obj
 0002:000163e0       ?Format@?$ChTraitsCRT@D@ATL@@SAHPADPBD0@Z 1009e3e0 f i MiniXAPI.obj
 0002:00016440       ??0CAboutDlg@@QAE@XZ       1009e440 f   MiniXDlg.obj
 0002:000164b0       ??_ECAboutDlg@@UAEPAXI@Z   1009e4b0 f i MiniXDlg.obj
 0002:000164b0       ??_GCAboutDlg@@UAEPAXI@Z   1009e4b0 f i MiniXDlg.obj
 0002:00016520       ??1CAboutDlg@@UAE@XZ       1009e520 f i MiniXDlg.obj
 0002:00016570       ?DoDataExchange@CAboutDlg@@MAEXPAVCDataExchange@@@Z 1009e570 f   MiniXDlg.obj
 0002:000165d0       ?GetMessageMap@CAboutDlg@@MBEPBUAFX_MSGMAP@@XZ 1009e5d0 f   MiniXDlg.obj
 0002:00016610       ?OnInitDialog@CAboutDlg@@MAEHXZ 1009e610 f   MiniXDlg.obj
 0002:000168e0       ??0CMiniXDlg@@QAE@PAVCWnd@@@Z 1009e8e0 f   MiniXDlg.obj
 0002:00016ca0       ??_ECMiniXDlg@@UAEPAXI@Z   1009eca0 f i MiniXDlg.obj
 0002:00016ca0       ??_GCMiniXDlg@@UAEPAXI@Z   1009eca0 f i MiniXDlg.obj
 0002:00016d10       ?DoDataExchange@CMiniXDlg@@MAEXPAVCDataExchange@@@Z 1009ed10 f   MiniXDlg.obj
 0002:00016e70       ?GetMessageMap@CMiniXDlg@@MBEPBUAFX_MSGMAP@@XZ 1009ee70 f   MiniXDlg.obj
 0002:00016eb0       ?OnSysCommand@CMiniXDlg@@IAEXIJ@Z 1009eeb0 f   MiniXDlg.obj
 0002:00016fc0       ?OnPaint@CMiniXDlg@@IAEXXZ 1009efc0 f   MiniXDlg.obj
 0002:000171a0       ?OnQueryDragIcon@CMiniXDlg@@IAEPAUHICON__@@XZ 1009f1a0 f   MiniXDlg.obj
 0002:000171e0       ?OnInitDialog@CMiniXDlg@@MAEHXZ 1009f1e0 f   MiniXDlg.obj
 0002:00017740       ?LoadDLL@CMiniXDlg@@QAEHXZ 1009f740 f   MiniXDlg.obj
 0002:00017eb0       ?EE_Read@CMiniXDlg@@IAEKPAUft_program_data@@@Z 1009feb0 f   MiniXDlg.obj
 0002:00017f60       ?EE_Program@CMiniXDlg@@IAEKPAUft_program_data@@@Z 1009ff60 f   MiniXDlg.obj
 0002:00018010       ?GetLatencyTimer@CMiniXDlg@@IAEKPAE@Z 100a0010 f   MiniXDlg.obj
 0002:000180c0       ?SetLatencyTimer@CMiniXDlg@@IAEKE@Z 100a00c0 f   MiniXDlg.obj
 0002:00018170       ?SetBitMode@CMiniXDlg@@IAEKEE@Z 100a0170 f   MiniXDlg.obj
 0002:00018230       ?Read@CMiniXDlg@@IAEKPAXKPAK@Z 100a0230 f   MiniXDlg.obj
 0002:000182f0       ?Write@CMiniXDlg@@IAEKPAXKPAK@Z 100a02f0 f   MiniXDlg.obj
 0002:000183b0       ?Open@CMiniXDlg@@IAEKPAX@Z 100a03b0 f   MiniXDlg.obj
 0002:00018460       ?OpenEx@CMiniXDlg@@IAEKPAXK@Z 100a0460 f   MiniXDlg.obj
 0002:00018520       ?ListDevices@CMiniXDlg@@IAEKPAX0K@Z 100a0520 f   MiniXDlg.obj
 0002:000185d0       ?Close@CMiniXDlg@@IAEKXZ   100a05d0 f   MiniXDlg.obj
 0002:00018680       ?ResetDevice@CMiniXDlg@@IAEKXZ 100a0680 f   MiniXDlg.obj
 0002:00018730       ?Purge@CMiniXDlg@@IAEKK@Z  100a0730 f   MiniXDlg.obj
 0002:000187e0       ?SetTimeouts@CMiniXDlg@@IAEKKK@Z 100a07e0 f   MiniXDlg.obj
 0002:000188a0       ?GetQueueStatus@CMiniXDlg@@IAEKPAK@Z 100a08a0 f   MiniXDlg.obj
 0002:00018950       ?DeviceSerialNumberList@CMiniXDlg@@QAEJXZ 100a0950 f   MiniXDlg.obj
 0002:00018c10       ?SetDeviceSerialNumber@CMiniXDlg@@QAEXPAD@Z 100a0c10 f   MiniXDlg.obj
 0002:00018d60       ?ClearMultiDeviceList@CMiniXDlg@@QAEXXZ 100a0d60 f   MiniXDlg.obj
 0002:00018dd0       ?GetMultiDeviceCount@CMiniXDlg@@QAEJXZ 100a0dd0 f   MiniXDlg.obj
 0002:00018e10       ?GetMultiDeviceSerialNumber@CMiniXDlg@@QAE?AV?$CStringT@DV?$StrTraitMFC@DV?$ChTraitsCRT@D@ATL@@@@@ATL@@J@Z 100a0e10 f   MiniXDlg.obj
 0002:00018f50       ?SetMultiDeviceByArrIndex@CMiniXDlg@@QAEXJ@Z 100a0f50 f   MiniXDlg.obj
 0002:00018fd0       ?OpenMultiDevice@CMiniXDlg@@QAEXXZ 100a0fd0 f   MiniXDlg.obj
 0002:00019370       ?OnButtonSelectDevice@CMiniXDlg@@IAEXXZ 100a1370 f   MiniXDlg.obj
 0002:00019760       ?GetDeviceSerialNumber@CMiniXDlg@@QAEXPAX@Z 100a1760 f   MiniXDlg.obj
 0002:00019a30       ?GetDeviceSerialNumberCStr@CMiniXDlg@@QAEXV?$CStringT@DV?$StrTraitMFC@DV?$ChTraitsCRT@D@ATL@@@@@ATL@@@Z 100a1a30 f   MiniXDlg.obj
 0002:00019c30       ?OnButtonMpsseOn@CMiniXDlg@@IAEXXZ 100a1c30 f   MiniXDlg.obj
 0002:00019fc0       ?OnButtonDisableMpsse@CMiniXDlg@@IAEXXZ 100a1fc0 f   MiniXDlg.obj
 0002:0001a150       ?OnButtonSetDacVoltage@CMiniXDlg@@IAEXXZ 100a2150 f   MiniXDlg.obj
 0002:0001a6e0       ?OnButtonSetDacbVoltage@CMiniXDlg@@IAEXXZ 100a26e0 f   MiniXDlg.obj
 0002:0001abe0       ?OnButtonReadAdc@CMiniXDlg@@IAEXXZ 100a2be0 f   MiniXDlg.obj
 0002:0001b220       ?OnButtonReadAdc1@CMiniXDlg@@IAEXXZ 100a3220 f   MiniXDlg.obj
 0002:0001b860       ?ReadIOBitsIn@CMiniXDlg@@QAEXPAEE@Z 100a3860 f   MiniXDlg.obj
 0002:0001ba60       ?ReadMiniXDeviceType@CMiniXDlg@@QAEEXZ 100a3a60 f   MiniXDlg.obj
 0002:0001bb40       ?MonitorMiniXCtrlIO@CMiniXDlg@@QAEXXZ 100a3b40 f   MiniXDlg.obj
 0002:0001c290       ?AveMonitors@CMiniXDlg@@QAENNQAN_N@Z 100a4290 f   MiniXDlg.obj
 0002:0001c3a0       ?OnTimer@CMiniXDlg@@IAEXI@Z 100a43a0 f   MiniXDlg.obj
 0002:0001cbd0       ?OnChangeEditDacVoltage@CMiniXDlg@@IAEXXZ 100a4bd0 f   MiniXDlg.obj
 0002:0001cc30       ?OnChangeEditDacbVoltage@CMiniXDlg@@IAEXXZ 100a4c30 f   MiniXDlg.obj
 0002:0001cc90       ?SetHighVoltageDAC@CMiniXDlg@@QAEXN@Z 100a4c90 f   MiniXDlg.obj
 0002:0001cd10       ?OnBnClickedSethighvoltagecontrolbutton@CMiniXDlg@@QAEXXZ 100a4d10 f   MiniXDlg.obj
 0002:0001cf30       ?OnBnClickedStartmonitorbutton@CMiniXDlg@@QAEXXZ 100a4f30 f   MiniXDlg.obj
 0002:0001cfb0       ?OnBnClickedStopmonitorbutton@CMiniXDlg@@QAEXXZ 100a4fb0 f   MiniXDlg.obj
 0002:0001d010       ?SetCurrentDAC@CMiniXDlg@@QAEXN@Z 100a5010 f   MiniXDlg.obj
 0002:0001d090       ?OnBnClickedSetcurrentcontrolbutton@CMiniXDlg@@QAEXXZ 100a5090 f   MiniXDlg.obj
 0002:0001d2b0       ?OnBnClickedHvOff@CMiniXDlg@@QAEXXZ 100a52b0 f   MiniXDlg.obj
 0002:0001d5e0       ?OnBnClickedHvOn@CMiniXDlg@@QAEXXZ 100a55e0 f   MiniXDlg.obj
 0002:0001d840       ?MXControllerSetup@CMiniXDlg@@QAEXXZ 100a5840 f   MiniXDlg.obj
 0002:0001d9b0       ?TubeControllerString@CMiniXDlg@@QAE?AV?$CStringT@DV?$StrTraitMFC@DV?$ChTraitsCRT@D@ATL@@@@@ATL@@W4_MINIX_CONTROLLER_ENUM@@_N@Z 100a59b0 f   MiniXDlg.obj
 0002:0001dc00       ?ReadMXSetup@CMiniXDlg@@QAEXW4_MINIX_CONTROLLER_ENUM@@@Z 100a5c00 f   MiniXDlg.obj
 0002:0001dca0       ?OnBnClickedStartMiniXController@CMiniXDlg@@QAEXXZ 100a5ca0 f   MiniXDlg.obj
 0002:0001df40       ?FailSafe@CMiniXDlg@@QAEXXZ 100a5f40 f   MiniXDlg.obj
 0002:0001e090       ?FsMessageBox@CMiniXDlg@@QAEXV?$CStringT@DV?$StrTraitMFC@DV?$ChTraitsCRT@D@ATL@@@@@ATL@@@Z 100a6090 f   MiniXDlg.obj
 0002:0001e170       ?DllMessageBox@CMiniXDlg@@QAEXV?$CStringT@DV?$StrTraitMFC@DV?$ChTraitsCRT@D@ATL@@@@@ATL@@@Z 100a6170 f   MiniXDlg.obj
 0002:0001e250       ?OnClose@CMiniXDlg@@QAEXXZ 100a6250 f   MiniXDlg.obj
 0002:0001e2f0       ?OnCancel@CMiniXDlg@@MAEXXZ 100a62f0 f   MiniXDlg.obj
 0002:0001e390       ?OnDestroy@CMiniXDlg@@QAEXXZ 100a6390 f   MiniXDlg.obj
 0002:0001e420       ?OnOK@CMiniXDlg@@MAEXXZ    100a6420 f   MiniXDlg.obj
 0002:0001e490       ?OnBnClickedOk@CMiniXDlg@@QAEXXZ 100a6490 f   MiniXDlg.obj
 0002:0001e500       ?EnableMINIXButtons@CMiniXDlg@@QAEX_N@Z 100a6500 f   MiniXDlg.obj
 0002:0001e5b0       ?BOOLtobool@CMiniXDlg@@QAE_NH@Z 100a65b0 f   MiniXDlg.obj
 0002:0001e600       ?EnableMINIXButtonsHVOn@CMiniXDlg@@QAE_N_N0@Z 100a6600 f   MiniXDlg.obj
 0002:0001e6c0       ?ReadMiniXSetup@CMiniXDlg@@QAEXXZ 100a66c0 f   MiniXDlg.obj
 0002:0001ead0       ?ReadMiniXSetup50kv@CMiniXDlg@@QAEXXZ 100a6ad0 f   MiniXDlg.obj
 0002:0001eee0       ?ReadMiniXSetup50kv4W@CMiniXDlg@@QAEXXZ 100a6ee0 f   MiniXDlg.obj
 0002:0001ef30       ?ReadMiniXSetup50kv10W@CMiniXDlg@@QAEXXZ 100a6f30 f   MiniXDlg.obj
 0002:0001f310       ?ReadMiniXSetup70kv10W@CMiniXDlg@@QAEXXZ 100a7310 f   MiniXDlg.obj
 0002:0001f6f0       ?ShowStatus@CMiniXDlg@@QAEXV?$CStringT@DV?$StrTraitMFC@DV?$ChTraitsCRT@D@ATL@@@@@ATL@@@Z 100a76f0 f   MiniXDlg.obj
 0002:0001f7c0       ?SetClkDivisor@CMiniXDlg@@QAEXXZ 100a77c0 f   MiniXDlg.obj
 0002:0001f910       ?OnBnClickedSethighvoltageandcurrentbutton@CMiniXDlg@@QAEXXZ 100a7910 f   MiniXDlg.obj
 0002:000203b0       ?HV_InRange@CMiniXDlg@@QAE_NNN_N@Z 100a83b0 f   MiniXDlg.obj
 0002:00020470       ?I_InRange@CMiniXDlg@@QAE_NNN_N@Z 100a8470 f   MiniXDlg.obj
 0002:00020530       ?CreateLog@CMiniXDlg@@QAEXXZ 100a8530 f   MiniXDlg.obj
 0002:00020720       ?CreateDateTimeStamp@CMiniXDlg@@QAE?AV?$CStringT@DV?$StrTraitMFC@DV?$ChTraitsCRT@D@ATL@@@@@ATL@@XZ 100a8720 f   MiniXDlg.obj
 0002:00020890       ?AppendLog@CMiniXDlg@@QAEXV?$CStringT@DV?$StrTraitMFC@DV?$ChTraitsCRT@D@ATL@@@@@ATL@@@Z 100a8890 f   MiniXDlg.obj
 0002:00020a20       ?ReadTemperature@CMiniXDlg@@QAEXXZ 100a8a20 f   MiniXDlg.obj
 0002:00021210       ?SetTempSensor@CMiniXDlg@@QAEXXZ 100a9210 f   MiniXDlg.obj
 0002:00021720       ?GetTemp@CMiniXDlg@@QAENEE_N@Z 100a9720 f   MiniXDlg.obj
 0002:00021800       ?OnWindowPosChanging@CMiniXDlg@@QAEXPAUtagWINDOWPOS@@@Z 100a9800 f   MiniXDlg.obj
 0002:00021880       ?OnBnClickedGetstatusbutton@CMiniXDlg@@QAEXXZ 100a9880 f   MiniXDlg.obj
 0002:00021a00       ?CopyMiniXMonitor@CMiniXDlg@@QAEXPAU_MiniX_Monitor@@@Z 100a9a00 f   MiniXDlg.obj
 0002:00021b10       ?CopyMiniXSettings@CMiniXDlg@@QAEXPAU_MiniX_Settings@@@Z 100a9b10 f   MiniXDlg.obj
 0002:00021b90       ?GetEnabledButtons@CMiniXDlg@@QAEEXZ 100a9b90 f   MiniXDlg.obj
 0002:00021cc0       ?GetWindowDouble@CMiniXDlg@@QAENH@Z 100a9cc0 f   MiniXDlg.obj
 0002:00021de0       ?MakeUpper@?$CStringT@DV?$StrTraitMFC@DV?$ChTraitsCRT@D@ATL@@@@@ATL@@QAEAAV12@XZ 100a9de0 f i MiniXDlg.obj
 0002:00021e70       ?Right@?$CStringT@DV?$StrTraitMFC@DV?$ChTraitsCRT@D@ATL@@@@@ATL@@QBE?AV12@H@Z 100a9e70 f i MiniXDlg.obj
 0002:00021f60       ?Left@?$CStringT@DV?$StrTraitMFC@DV?$ChTraitsCRT@D@ATL@@@@@ATL@@QBE?AV12@H@Z 100a9f60 f i MiniXDlg.obj
 0002:00022040       ??8ATL@@YA_NABV?$CStringT@DV?$StrTraitMFC@DV?$ChTraitsCRT@D@ATL@@@@@0@PBD@Z 100aa040 f i MiniXDlg.obj
 0002:000220a0       ?IsEmpty@?$CSimpleStringT@D$0A@@ATL@@QBE_NXZ 100aa0a0 f i MiniXDlg.obj
 0002:00022100       ??0?$CStringT@DV?$StrTraitMFC@DV?$ChTraitsCRT@D@ATL@@@@@ATL@@QAE@PBDHPAUIAtlStringMgr@1@@Z 100aa100 f i MiniXDlg.obj
 0002:00022170       ?StringUppercase@?$ChTraitsCRT@D@ATL@@SAPADPAD@Z 100aa170 f i MiniXDlg.obj
 0002:000221c0       ??0?$CSimpleStringT@D$0A@@ATL@@QAE@PBDHPAUIAtlStringMgr@1@@Z 100aa1c0 f i MiniXDlg.obj
 0002:000222d0       ?GetMessageMap@CMiniXDLLApp@@MBEPBUAFX_MSGMAP@@XZ 100aa2d0 f   MiniXDLL.obj
 0002:00022310       ??0CMiniXDLLApp@@QAE@XZ    100aa310 f   MiniXDLL.obj
 0002:00022370       ??_ECMiniXDLLApp@@UAEPAXI@Z 100aa370 f i MiniXDLL.obj
 0002:00022370       ??_GCMiniXDLLApp@@UAEPAXI@Z 100aa370 f i MiniXDLL.obj
 0002:000223e0       ??1CMiniXDLLApp@@UAE@XZ    100aa3e0 f i MiniXDLL.obj
 0002:00022430       ?InitInstance@CMiniXDLLApp@@UAEHXZ 100aa430 f   MiniXDLL.obj
 0002:00022490       _DllGetClassObject@12      100aa490 f   MiniXDLL.obj
 0002:000224f0       _DllCanUnloadNow@0         100aa4f0 f   MiniXDLL.obj
 0002:00022540       _DllRegisterServer@0       100aa540 f   MiniXDLL.obj
 0002:00022590       ?GetEnvironmentVariableWThunk@ATL@@YGKPB_WPA_WK@Z 100aa590 f i stdafx.obj
 0002:00022610       ?_AtlInstallStringThunk@ATL@@YAXPAPAXPAX1@Z 100aa610 f i stdafx.obj
 0002:000226d0       ?GetEnvironmentVariableWFake@ATL@@YGKPB_WPA_WK@Z 100aa6d0 f i stdafx.obj
 0002:000229b0       ?CompareStringWThunk@ATL@@YGHKKPB_WH0H@Z 100aa9b0 f i stdafx.obj
 0002:00022a40       ?CompareStringWFake@ATL@@YGHKKPB_WH0H@Z 100aaa40 f i stdafx.obj
 0002:00022d80       ?_AtlVerifyStackAvailable@_ATL_SAFE_ALLOCA_IMPL@ATL@@YA_NK@Z 100aad80 f i stdafx.obj
 0002:00022ea0       ?AtlW2AHelper@@YGPADPADPB_WHI@Z 100aaea0 f i stdafx.obj
 0002:00022ff0       ?GetStringTypeExWThunk@ATL@@YGHKKPB_WHPAG@Z 100aaff0 f i stdafx.obj
 0002:00023080       ?GetStringTypeExWFake@ATL@@YGHKKPB_WHPAG@Z 100ab080 f i stdafx.obj
 0002:00023230       ?lstrcmpiWThunk@ATL@@YGHPB_W0@Z 100ab230 f i stdafx.obj
 0002:000232b0       ?lstrcmpiWFake@ATL@@YGHPB_W0@Z 100ab2b0 f i stdafx.obj
 0002:00023430       ?CharLowerWThunk@ATL@@YGPA_WPA_W@Z 100ab430 f i stdafx.obj
 0002:000234b0       ?CharLowerWFake@ATL@@YGPA_WPA_W@Z 100ab4b0 f i stdafx.obj
 0002:00023650       ?AtlA2WHelper@@YGPA_WPA_WPBDHI@Z 100ab650 f i stdafx.obj
 0002:00023790       ?CharUpperWThunk@ATL@@YGPA_WPA_W@Z 100ab790 f i stdafx.obj
 0002:00023810       ?CharUpperWFake@ATL@@YGPA_WPA_W@Z 100ab810 f i stdafx.obj
 0002:000239b0       ??0?$CAtlSafeAllocBufferManager@VCCRTAllocator@ATL@@@_ATL_SAFE_ALLOCA_IMPL@ATL@@QAE@XZ 100ab9b0 f i stdafx.obj
 0002:00023a00       ?Allocate@?$CAtlSafeAllocBufferManager@VCCRTAllocator@ATL@@@_ATL_SAFE_ALLOCA_IMPL@ATL@@QAEPAXK@Z 100aba00 f i stdafx.obj
 0002:00023a90       ?Allocate@CCRTAllocator@ATL@@SAPAXI@Z 100aba90 f i stdafx.obj
 0002:00023ae0       ??1?$CAtlSafeAllocBufferManager@VCCRTAllocator@ATL@@@_ATL_SAFE_ALLOCA_IMPL@ATL@@QAE@XZ 100abae0 f i stdafx.obj
 0002:00023b60       ?Free@CCRTAllocator@ATL@@SAXPAX@Z 100abb60 f i stdafx.obj
 0002:00023bb0       ??0?$CTempBuffer@D$0IA@VCCRTAllocator@ATL@@@ATL@@QAE@XZ 100abbb0 f i stdafx.obj
 0002:00023c00       ??1?$CTempBuffer@D$0IA@VCCRTAllocator@ATL@@@ATL@@QAE@XZ 100abc00 f i stdafx.obj
 0002:00023c60       ??B?$CTempBuffer@D$0IA@VCCRTAllocator@ATL@@@ATL@@QBEPADXZ 100abc60 f i stdafx.obj
 0002:00023ca0       ?Allocate@?$CTempBuffer@D$0IA@VCCRTAllocator@ATL@@@ATL@@QAEPADI@Z 100abca0 f i stdafx.obj
 0002:00023d00       ??0?$CW2AEX@$0IA@@ATL@@QAE@PB_W@Z 100abd00 f i stdafx.obj
 0002:00023d70       ??1?$CW2AEX@$0IA@@ATL@@QAE@XZ 100abd70 f i stdafx.obj
 0002:00023de0       ??B?$CW2AEX@$0IA@@ATL@@QBEPADXZ 100abde0 f i stdafx.obj
 0002:00023e20       ?AllocateBytes@?$CTempBuffer@D$0IA@VCCRTAllocator@ATL@@@ATL@@QAEPADI@Z 100abe20 f i stdafx.obj
 0002:00023ed0       ?FreeHeap@?$CTempBuffer@D$0IA@VCCRTAllocator@ATL@@@ATL@@AAEXXZ 100abed0 f i stdafx.obj
 0002:00023f30       ?Init@?$CW2AEX@$0IA@@ATL@@AAEXPB_WI@Z 100abf30 f i stdafx.obj
 0002:00024040       ?AtlThrowLastWin32@ATL@@YGXXZ 100ac040 f i stdafx.obj
 0002:000240e0       ?GetData@CAtlSafeAllocBufferNode@?$CAtlSafeAllocBufferManager@VCCRTAllocator@ATL@@@_ATL_SAFE_ALLOCA_IMPL@ATL@@QAEPAXXZ 100ac0e0 f i stdafx.obj
 0002:00024120       ?AllocateHeap@?$CTempBuffer@D$0IA@VCCRTAllocator@ATL@@@ATL@@AAEXI@Z 100ac120 f i stdafx.obj
 0002:000241a0       ??0CSXButton@@QAE@XZ       100ac1a0 f   Sxbutton.obj
 0002:000242b0       ??_ECSXButton@@UAEPAXI@Z   100ac2b0 f i Sxbutton.obj
 0002:000242b0       ??_GCSXButton@@UAEPAXI@Z   100ac2b0 f i Sxbutton.obj
 0002:00024320       ??1CSXButton@@UAE@XZ       100ac320 f   Sxbutton.obj
 0002:000243f0       ?GetMessageMap@CSXButton@@MBEPBUAFX_MSGMAP@@XZ 100ac3f0 f   Sxbutton.obj
 0002:00024430       ?SetIcon@CSXButton@@QAEHIHH@Z 100ac430 f   Sxbutton.obj
 0002:00024500       ?Redraw@CSXButton@@AAEXXZ  100ac500 f i Sxbutton.obj
 0002:00024560       ?SetBitmap@CSXButton@@QAEHIHH@Z 100ac560 f   Sxbutton.obj
 0002:000245d0       ?SetMaskedBitmap@CSXButton@@QAEHIHHK@Z 100ac5d0 f   Sxbutton.obj
 0002:00024640       ?SetBitmapCommon@CSXButton@@AAEHIHHKH@Z 100ac640 f   Sxbutton.obj
 0002:00024810       ?SetColorTab@CSXButton@@QAEXK@Z 100ac810 f   Sxbutton.obj
 0002:00024880       ?SetDefaultButton@CSXButton@@QAEHH@Z 100ac880 f   Sxbutton.obj
 0002:00024920       ?SetImageOffset@CSXButton@@QAEHH@Z 100ac920 f   Sxbutton.obj
 0002:000249a0       ?SetTextOffset@CSXButton@@QAEHH@Z 100ac9a0 f   Sxbutton.obj
 0002:00024a20       ?SetImagePos@CSXButton@@QAE?AVCPoint@@V2@@Z 100aca20 f   Sxbutton.obj
 0002:00024b00       ?SetTextPos@CSXButton@@QAE?AVCPoint@@V2@@Z 100acb00 f   Sxbutton.obj
 0002:00024be0       ?CheckPointForCentering@CSXButton@@AAEXAAVCPoint@@HH@Z 100acbe0 f   Sxbutton.obj
 0002:00024cd0       ?DrawItem@CSXButton@@UAEXPAUtagDRAWITEMSTRUCT@@@Z 100accd0 f   Sxbutton.obj
 0002:00025690       ?HasImage@CSXButton@@QAEHXZ 100ad690 f i Sxbutton.obj
 0002:000256f0       ??0CVersionInfo@@QAE@XZ    100ad6f0 f   VersionInfo.obj
 0002:00025820       ??_GCVersionInfo@@UAEPAXI@Z 100ad820 f i VersionInfo.obj
 0002:00025820       ??_ECVersionInfo@@UAEPAXI@Z 100ad820 f i VersionInfo.obj
 0002:00025890       ??0CVersionInfo@@QAE@PBD@Z 100ad890 f   VersionInfo.obj
 0002:000259e0       ??1CVersionInfo@@UAE@XZ    100ad9e0 f   VersionInfo.obj
 0002:00025a50       ?GetProductName@CVersionInfo@@QBE?AV?$CStringT@DV?$StrTraitMFC@DV?$ChTraitsCRT@D@ATL@@@@@ATL@@XZ 100ada50 f   VersionInfo.obj
 0002:00025ad0       ?GetProductVersion@CVersionInfo@@QBE?AV?$CStringT@DV?$StrTraitMFC@DV?$ChTraitsCRT@D@ATL@@@@@ATL@@XZ 100adad0 f   VersionInfo.obj
 0002:00025b50       ?GetCompanyName@CVersionInfo@@QBE?AV?$CStringT@DV?$StrTraitMFC@DV?$ChTraitsCRT@D@ATL@@@@@ATL@@XZ 100adb50 f   VersionInfo.obj
 0002:00025bd0       ?GetCopyright@CVersionInfo@@QBE?AV?$CStringT@DV?$StrTraitMFC@DV?$ChTraitsCRT@D@ATL@@@@@ATL@@XZ 100adbd0 f   VersionInfo.obj
 0002:00025c50       ?GetComments@CVersionInfo@@QBE?AV?$CStringT@DV?$StrTraitMFC@DV?$ChTraitsCRT@D@ATL@@@@@ATL@@XZ 100adc50 f   VersionInfo.obj
 0002:00025cd0       ?GetFileDescription@CVersionInfo@@QBE?AV?$CStringT@DV?$StrTraitMFC@DV?$ChTraitsCRT@D@ATL@@@@@ATL@@XZ 100adcd0 f   VersionInfo.obj
 0002:00025d50       ?GetFileVersion@CVersionInfo@@QBE?AV?$CStringT@DV?$StrTraitMFC@DV?$ChTraitsCRT@D@ATL@@@@@ATL@@XZ 100add50 f   VersionInfo.obj
 0002:00025dd0       ?GetInternalName@CVersionInfo@@QBE?AV?$CStringT@DV?$StrTraitMFC@DV?$ChTraitsCRT@D@ATL@@@@@ATL@@XZ 100addd0 f   VersionInfo.obj
 0002:00025e50       ?GetLegalTrademarks@CVersionInfo@@QBE?AV?$CStringT@DV?$StrTraitMFC@DV?$ChTraitsCRT@D@ATL@@@@@ATL@@XZ 100ade50 f   VersionInfo.obj
 0002:00025ed0       ?GetPrivateBuild@CVersionInfo@@QBE?AV?$CStringT@DV?$StrTraitMFC@DV?$ChTraitsCRT@D@ATL@@@@@ATL@@XZ 100aded0 f   VersionInfo.obj
 0002:00025f50       ?GetSpecialBuild@CVersionInfo@@QBE?AV?$CStringT@DV?$StrTraitMFC@DV?$ChTraitsCRT@D@ATL@@@@@ATL@@XZ 100adf50 f   VersionInfo.obj
 0002:00025fd0       ?InitVer@CVersionInfo@@AAEXPBD@Z 100adfd0 f   VersionInfo.obj
 0002:00026160       ?GetValue@CVersionInfo@@ABE?AV?$CStringT@DV?$StrTraitMFC@DV?$ChTraitsCRT@D@ATL@@@@@ATL@@PBD@Z 100ae160 f   VersionInfo.obj
 0002:00026330       ??Y?$CStringT@DV?$StrTraitMFC@DV?$ChTraitsCRT@D@ATL@@@@@ATL@@QAEAAV01@PBD@Z 100ae330 f i VersionInfo.obj
 0002:00026390       ??Y?$CSimpleStringT@D$0A@@ATL@@QAEAAV01@PBD@Z 100ae390 f i VersionInfo.obj
 0002:000263f0       ?Append@?$CSimpleStringT@D$0A@@ATL@@QAEXPBD@Z 100ae3f0 f i VersionInfo.obj
 0002:00026460       ?ReleaseBuffer@?$CSimpleStringT@D$0A@@ATL@@QAEXH@Z 100ae460 f i VersionInfo.obj
 0002:000264e0       _DllMain@12                100ae4e0 f   nafxcwd:dllmodul.obj
 0002:00026670       _RawDllMain@12             100ae670 f   nafxcwd:dllmodul.obj
 0002:00026680       ?AfxTermDllState@@YAXXZ    100ae680 f   nafxcwd:dllmodul.obj
 0002:00026710       _IsPlatformNT              100ae710 f   nafxcwd:wincore.obj
 0002:00026770       _InitMultipleMonitorStubs  100ae770 f   nafxcwd:wincore.obj
 0002:000268f0       _xGetSystemMetrics@4       100ae8f0 f   nafxcwd:wincore.obj
 0002:00026970       _xMonitorFromPoint@12      100ae970 f   nafxcwd:wincore.obj
 0002:000269d0       _xMonitorFromRect@8        100ae9d0 f   nafxcwd:wincore.obj
 0002:00026a40       _xMonitorFromWindow@8      100aea40 f   nafxcwd:wincore.obj
 0002:00026ac0       _xGetMonitorInfo@8         100aeac0 f   nafxcwd:wincore.obj
 0002:00026bb0       _xEnumDisplayMonitors@16   100aebb0 f   nafxcwd:wincore.obj
 0002:00026ce0       _xEnumDisplayDevices@16    100aece0 f   nafxcwd:wincore.obj
 0002:00026d70       ?AtlIAccessibleInvokeHelper@ATL@@YGJPAUIAccessible@@JABU_GUID@@KGPAUtagDISPPARAMS@@PAUtagVARIANT@@PAUtagEXCEPINFO@@PAI@Z 100aed70 f   nafxcwd:wincore.obj
 0002:00027b90       ?AtlIAccessibleGetIDsOfNamesHelper@ATL@@YGJABU_GUID@@PAPA_WIKPAJ@Z 100afb90 f   nafxcwd:wincore.obj
 0002:00028160       __tcscmp                   100b0160 f i nafxcwd:wincore.obj
 0002:00028180       ??1CNoTrackObject@@UAE@XZ  100b0180 f i nafxcwd:wincore.obj
 0002:000281a0       ?GetNextWindow@@YAPAUHWND__@@PAU1@I@Z 100b01a0 f i nafxcwd:wincore.obj
 0002:000281c0       ?UnlockResource@@YGHPAX@Z  100b01c0 f i nafxcwd:wincore.obj
 0002:000281d0       ?A2T@@YAPADPAD@Z           100b01d0 f i nafxcwd:wincore.obj
 0002:000281e0       ?SetWindowLongPtrA@@YAJPAUHWND__@@HJ@Z 100b01e0 f i nafxcwd:wincore.obj
 0002:00028200       ?GetWindowLongPtrA@@YAJPAUHWND__@@H@Z 100b0200 f i nafxcwd:wincore.obj
 0002:00028220       ?LookupPermanent@CHandleMap@@QAEPAVCObject@@PAX@Z 100b0220 f i nafxcwd:wincore.obj
 0002:00028250       ?LookupTemporary@CHandleMap@@QAEPAVCObject@@PAX@Z 100b0250 f i nafxcwd:wincore.obj
 0002:00028280       ??0CAccessibleProxy@ATL@@QAE@XZ 100b0280 f i nafxcwd:wincore.obj
 0002:000282c0       ??1CAccessibleProxy@ATL@@UAE@XZ 100b02c0 f i nafxcwd:wincore.obj
 0002:000282d0       ?GetWindow@CAccessibleProxy@ATL@@UAGJPAPAUHWND__@@@Z 100b02d0 f i nafxcwd:wincore.obj
 0002:000282e0       ?ContextSensitiveHelp@CAccessibleProxy@ATL@@UAGJH@Z 100b02e0 f i nafxcwd:wincore.obj
 0002:000282f0       ??0?$CComObjectRootEx@VCComSingleThreadModel@ATL@@@ATL@@QAE@XZ 100b02f0 f i nafxcwd:wincore.obj
 0002:00028310       ??0IOleWindow@@QAE@XZ      100b0310 f i nafxcwd:wincore.obj
 0002:00028330       ??0IUnknown@@QAE@XZ        100b0330 f i nafxcwd:wincore.obj
 0002:00028350       ?_InternalQueryInterface@CAccessibleProxy@ATL@@QAEJABU_GUID@@PAPAX@Z 100b0350 f i nafxcwd:wincore.obj
 0002:00028380       ?_GetEntries@CAccessibleProxy@ATL@@SGPBU_ATL_INTMAP_ENTRY@2@XZ 100b0380 f i nafxcwd:wincore.obj
 0002:00028390       ?FinalRelease@CAccessibleProxy@ATL@@QAEJXZ 100b0390 f i nafxcwd:wincore.obj
 0002:000283d0       ??0CComObjectRootBase@ATL@@QAE@XZ 100b03d0 f i nafxcwd:wincore.obj
 0002:000283f0       ?FinalConstruct@CComObjectRootBase@ATL@@QAEJXZ 100b03f0 f i nafxcwd:wincore.obj
 0002:00028400       ?_AtlFinalConstruct@CComObjectRootBase@ATL@@QAEJXZ 100b0400 f i nafxcwd:wincore.obj
 0002:00028410       ?InternalQueryInterface@CComObjectRootBase@ATL@@SGJPAXPBU_ATL_INTMAP_ENTRY@2@ABU_GUID@@PAPAX@Z 100b0410 f i nafxcwd:wincore.obj
 0002:000284e0       ?SetVoid@CComObjectRootBase@ATL@@QAEXPAX@Z 100b04e0 f i nafxcwd:wincore.obj
 0002:000284f0       ?InternalFinalConstructAddRef@CComObjectRootBase@ATL@@QAEXXZ 100b04f0 f i nafxcwd:wincore.obj
 0002:00028500       ?InternalFinalConstructRelease@CComObjectRootBase@ATL@@QAEXXZ 100b0500 f i nafxcwd:wincore.obj
 0002:00028550       ?InternalAddRef@?$CComObjectRootEx@VCComSingleThreadModel@ATL@@@ATL@@QAEKXZ 100b0550 f i nafxcwd:wincore.obj
 0002:000285a0       ?Increment@CComSingleThreadModel@ATL@@SGKPAJ@Z 100b05a0 f i nafxcwd:wincore.obj
 0002:000285c0       ?InternalRelease@?$CComObjectRootEx@VCComSingleThreadModel@ATL@@@ATL@@QAEKXZ 100b05c0 f i nafxcwd:wincore.obj
 0002:00028620       ?Decrement@CComSingleThreadModel@ATL@@SGKPAJ@Z 100b0620 f i nafxcwd:wincore.obj
 0002:00028640       ?GetBufferSetLength@?$CSimpleStringT@D$0A@@ATL@@QAEPADH@Z 100b0640 f i nafxcwd:wincore.obj
 0002:00028680       _IsEqualGUID               100b0680 f i nafxcwd:cmdtarg.obj
 0002:000286b0       ?DrawState@@YGHPAUHDC__@@PAUHBRUSH__@@P6GH0JIHH@ZJIHHHHI@Z 100b06b0 f i nafxcwd:afxinl2.obj
 0002:00028700       ??2@YAPAXIPAX@Z            100b0700 f i nafxcwd:list_s.obj
 0002:00028710       ??4?$CStringT@DV?$StrTraitMFC@DV?$ChTraitsCRT@D@ATL@@@@@ATL@@QAEAAV01@PB_W@Z 100b0710 f i nafxcwd:list_s.obj
 0002:000287b0       ??1?$CTempBuffer@_W$0IA@VCCRTAllocator@ATL@@@ATL@@QAE@XZ 100b07b0 f i nafxcwd:list_s.obj
 0002:000287e0       ??B?$CTempBuffer@_W$0IA@VCCRTAllocator@ATL@@@ATL@@QBEPA_WXZ 100b07e0 f i nafxcwd:list_s.obj
 0002:00028800       ?Allocate@?$CTempBuffer@_W$0IA@VCCRTAllocator@ATL@@@ATL@@QAEPA_WI@Z 100b0800 f i nafxcwd:list_s.obj
 0002:00028830       ?GetBaseTypeLength@?$ChTraitsCRT@D@ATL@@SAHPB_W@Z 100b0830 f i nafxcwd:list_s.obj
 0002:00028860       ?AllocateBytes@?$CTempBuffer@_W$0IA@VCCRTAllocator@ATL@@@ATL@@QAEPA_WI@Z 100b0860 f i nafxcwd:list_s.obj
 0002:000288e0       ?FreeHeap@?$CTempBuffer@_W$0IA@VCCRTAllocator@ATL@@@ATL@@AAEXXZ 100b08e0 f i nafxcwd:list_s.obj
 0002:00028900       ?AllocateHeap@?$CTempBuffer@_W$0IA@VCCRTAllocator@ATL@@@ATL@@AAEXI@Z 100b0900 f i nafxcwd:list_s.obj
 0002:00028950       ??0AFX_CLASSINIT@@QAE@PAUCRuntimeClass@@@Z 100b0950 f i nafxcwd:list_s.obj
 0002:00028970       __tcschr                   100b0970 f i nafxcwd:winstr.obj
 0002:00028990       ?GetBaseTypeLength@?$ChTraitsCRT@_W@ATL@@SAHPBD@Z 100b0990 f i nafxcwd:strcore.obj
 0002:000289c0       ?ConvertToBaseType@?$ChTraitsCRT@_W@ATL@@SAXPA_WHPBDH@Z 100b09c0 f i nafxcwd:strcore.obj
 0002:000289f0       ??0CComBSTR@ATL@@QAE@ABV01@@Z 100b09f0 f i nafxcwd:strcore.obj
 0002:00028a40       ??1CComBSTR@ATL@@QAE@XZ    100b0a40 f i nafxcwd:strcore.obj
 0002:00028a60       ?Length@CComBSTR@ATL@@QBEIXZ 100b0a60 f i nafxcwd:strcore.obj
 0002:00028aa0       ?Copy@CComBSTR@ATL@@QBEPA_WXZ 100b0aa0 f i nafxcwd:strcore.obj
 0002:00028ae0       ??7CComBSTR@ATL@@QBE_NXZ   100b0ae0 f i nafxcwd:strcore.obj
 0002:00028b00       ??0CNilStringData@ATL@@QAE@XZ 100b0b00 f i nafxcwd:strcore.obj
 0002:00028b60       ?SetManager@CNilStringData@ATL@@QAEXPAUIAtlStringMgr@2@@Z 100b0b60 f i nafxcwd:strcore.obj
 0002:00028bb0       ?ocslen@@YAHPB_W@Z         100b0bb0 f i nafxcwd:olemisc.obj
 0002:00028bd0       ?ocscpy@@YAPA_WPA_WPB_W@Z  100b0bd0 f i nafxcwd:olemisc.obj
 0002:00028c00       ?AtlDevModeA2W@@YAPAU_devicemodeW@@PAU1@PBU_devicemodeA@@@Z 100b0c00 f i nafxcwd:olemisc.obj
 0002:00028db0       ?AtlDevModeW2A@@YGPAU_devicemodeA@@PAU1@PBU_devicemodeW@@@Z 100b0db0 f i nafxcwd:olemisc.obj
 0002:00028f20       ??Y?$CStringT@DV?$StrTraitMFC@DV?$ChTraitsCRT@D@ATL@@@@@ATL@@QAEAAV01@D@Z 100b0f20 f i nafxcwd:olemisc.obj
 0002:00028f50       ??Y?$CSimpleStringT@D$0A@@ATL@@QAEAAV01@D@Z 100b0f50 f i nafxcwd:olemisc.obj
 0002:00028f80       ?AppendChar@?$CSimpleStringT@D$0A@@ATL@@QAEXD@Z 100b0f80 f i nafxcwd:olemisc.obj
 0002:00028fe0       ?GetHead@CSimpleList@@QBEPAXXZ 100b0fe0 f i nafxcwd:thrdcore.obj
 0002:00029000       ??_9@$BBFE@AE              100b1000 f i nafxcwd:dlgcore.obj
 0002:00029010       ??_9@$BBFI@AE              100b1010 f i nafxcwd:dlgcore.obj
 0002:00029020       ?T2CA@@YAPBDPBD@Z          100b1020 f i nafxcwd:appcore.obj
 0002:00029030       ?SetResourceInstance@CAtlBaseModule@ATL@@QAEPAUHINSTANCE__@@PAU3@@Z 100b1030 f i nafxcwd:appcore.obj
 0002:00029060       ?GetSize@CRecentFileList@@QBEHXZ 100b1060 f i nafxcwd:appcore.obj
 0002:00029080       ??ACRecentFileList@@QAEAAV?$CStringT@DV?$StrTraitMFC@DV?$ChTraitsCRT@D@ATL@@@@@ATL@@H@Z 100b1080 f i nafxcwd:appcore.obj
 0002:000290d0       ?GetBuffer@?$CSimpleStringT@D$0A@@ATL@@QAEPADXZ 100b10d0 f i nafxcwd:appui2.obj
 0002:00029120       _!=                        100b1120 f i nafxcwd:olefact.obj
 0002:00029140       _==                        100b1140 f i nafxcwd:olefact.obj
 0002:00029160       ??3@YAXPAX0@Z              100b1160 f i nafxcwd:afxtls.obj
 0002:00029170       ??0CSimpleList@@QAE@H@Z    100b1170 f i nafxcwd:afxtls.obj
 0002:000291a0       ?Construct@CSimpleList@@QAEXH@Z 100b11a0 f i nafxcwd:afxtls.obj
 0002:000291e0       ?GetNextPtr@CSimpleList@@QBEPAPAXPAX@Z 100b11e0 f i nafxcwd:afxtls.obj
 0002:00029220       ??2CThreadSlotData@@SGPAXIPAX@Z 100b1220 f i nafxcwd:afxtls.obj
 0002:00029230       ?GetAllocSize@CFixedAllocNoSync@@QAEIXZ 100b1230 f i nafxcwd:winhand.obj
 0002:00029250       ??_GCHandleMap@@UAEPAXI@Z  100b1250 f i nafxcwd:winhand.obj
 0002:00029250       ??_ECHandleMap@@UAEPAXI@Z  100b1250 f i nafxcwd:winhand.obj
 0002:00029290       ??1CHandleMap@@UAE@XZ      100b1290 f i nafxcwd:winhand.obj
 0002:00029320       ??0CTraceCategory@ATL@@QAE@PBDI@Z 100b1320 f i nafxcwd:appinit.obj
 0002:00029380       ?ChangeCategory@CTrace@ATL@@QAE_NKIW4ATLTRACESTATUS@2@@Z 100b1380 f i nafxcwd:appinit.obj
 0002:000293b0       ?RegisterCategory@CTrace@ATL@@QAEKPBD@Z 100b13b0 f i nafxcwd:appinit.obj
 0002:000293e0       ??0CTypeLibCache@@QAE@XZ   100b13e0 f i nafxcwd:afxstate.obj
 0002:00029430       ??_Estringdispid@CComTypeInfoHolder@ATL@@QAEPAXI@Z 100b1430 f i nafxcwd:objcore.obj
 0002:000294c0       ??1stringdispid@CComTypeInfoHolder@ATL@@QAE@XZ 100b14c0 f i nafxcwd:objcore.obj
 0002:000294e0       ??0CAtlWinModule@ATL@@QAE@XZ 100b14e0 f i nafxcwd:objcore.obj
 0002:00029530       ??0_ATL_WIN_MODULE70@ATL@@QAE@XZ 100b1530 f i nafxcwd:objcore.obj
 0002:00029560       ??0CComCriticalSection@ATL@@QAE@XZ 100b1560 f i nafxcwd:objcore.obj
 0002:00029590       ??0?$CSimpleArray@GV?$CSimpleArrayEqualHelper@G@ATL@@@ATL@@QAE@XZ 100b1590 f i nafxcwd:objcore.obj
 0002:000295d0       ??1CAtlWinModule@ATL@@QAE@XZ 100b15d0 f i nafxcwd:objcore.obj
 0002:00029630       ?Term@CAtlWinModule@ATL@@QAEXXZ 100b1630 f i nafxcwd:objcore.obj
 0002:00029660       ?GetModuleInstance@CAtlBaseModule@ATL@@QAEPAUHINSTANCE__@@XZ 100b1660 f i nafxcwd:objcore.obj
 0002:00029680       ??1_ATL_WIN_MODULE70@ATL@@QAE@XZ 100b1680 f i nafxcwd:objcore.obj
 0002:000296a0       ?AtlWinModuleTerm@ATL@@YGJPAU_ATL_WIN_MODULE70@1@PAUHINSTANCE__@@@Z 100b16a0 f i nafxcwd:objcore.obj
 0002:00029760       ?Term@CComCriticalSection@ATL@@QAEJXZ 100b1760 f i nafxcwd:objcore.obj
 0002:00029780       ??1?$CSimpleArray@GV?$CSimpleArrayEqualHelper@G@ATL@@@ATL@@QAE@XZ 100b1780 f i nafxcwd:objcore.obj
 0002:000297a0       ?GetSize@?$CSimpleArray@GV?$CSimpleArrayEqualHelper@G@ATL@@@ATL@@QBEHXZ 100b17a0 f i nafxcwd:objcore.obj
 0002:000297c0       ?RemoveAll@?$CSimpleArray@GV?$CSimpleArrayEqualHelper@G@ATL@@@ATL@@QAEXXZ 100b17c0 f i nafxcwd:objcore.obj
 0002:00029840       ??A?$CSimpleArray@GV?$CSimpleArrayEqualHelper@G@ATL@@@ATL@@QAEAAGH@Z 100b1840 f i nafxcwd:objcore.obj
 0002:000298c0       ?_AtlRaiseException@ATL@@YAXKK@Z 100b18c0 f i nafxcwd:objcore.obj
 0002:000298e0       ?_wcstombsz@ATL@@YAHPADPB_WK@Z 100b18e0 f i nafxcwd:dumpcont.obj
 0002:00029970       ?AtlGetCommCtrlVersion@ATL@@YAJPAK0@Z 100b1970 f i nafxcwd:winctrl3.obj
 0002:00029a50       ?AtlGetDllVersion@ATL@@YAJPBDPAU_DLLVERSIONINFO@@@Z 100b1a50 f i nafxcwd:winctrl3.obj
 0002:00029ab0       ?AtlHresultFromLastError@ATL@@YAJXZ 100b1ab0 f i nafxcwd:winctrl3.obj
 0002:00029b00       ?AtlGetDllVersion@ATL@@YAJPAUHINSTANCE__@@PAU_DLLVERSIONINFO@@@Z 100b1b00 f i nafxcwd:winctrl3.obj
 0002:00029b80       ?AtlIsValidString@ATL@@YAHPB_WI@Z 100b1b80 f i nafxcwd:validadd.obj
 0002:00029c70       ?AtlIsValidAddress@ATL@@YAHPBXIH@Z 100b1c70 f i nafxcwd:validadd.obj
 0002:00029cd0       ??0CAssoc@CMapStringToString@@QAE@PBD@Z 100b1cd0 f i nafxcwd:map_ss.obj
 0002:00029d00       ??0CPair@CMapStringToString@@IAE@PBD@Z 100b1d00 f i nafxcwd:map_ss.obj
 0002:00029d30       ??1CPair@CMapStringToString@@QAE@XZ 100b1d30 f i nafxcwd:map_ss.obj
 0002:00029d60       __tcsrchr                  100b1d60 f i nafxcwd:dlgfile.obj
 0002:00029d80       __tcsinc                   100b1d80 f i nafxcwd:dlgfile.obj
 0002:00029da0       ??1CCommonDialog@@UAE@XZ   100b1da0 f i nafxcwd:dlgfile.obj
 0002:00029dd0       ?AfxCheckError@@YGXJ@Z     100b1dd0 f   nafxcwd:olevar.obj
 0002:00029e00       ?_AfxCompareSafeArrays@@YGHPAUtagSAFEARRAY@@0@Z 100b1e00 f   nafxcwd:olevar.obj
 0002:0002a250       ?_AfxCreateOneDimArray@@YGXAAUtagVARIANT@@K@Z 100b2250 f   nafxcwd:olevar.obj
 0002:0002a370       ?_AfxCopyBinaryData@@YGXPAUtagSAFEARRAY@@PBXK@Z 100b2370 f   nafxcwd:olevar.obj
 0002:0002a3c0       ??0COleVariant@@QAE@ABUtagVARIANT@@@Z 100b23c0 f   nafxcwd:olevar.obj
 0002:0002a3f0       ??0COleVariant@@QAE@PBUtagVARIANT@@@Z 100b23f0 f   nafxcwd:olevar.obj
 0002:0002a420       ??0COleVariant@@QAE@ABV0@@Z 100b2420 f   nafxcwd:olevar.obj
 0002:0002a450       ??0COleVariant@@QAE@PBDG@Z 100b2450 f   nafxcwd:olevar.obj
 0002:0002a560       ?SetString@COleVariant@@QAEXPBDG@Z 100b2560 f   nafxcwd:olevar.obj
 0002:0002a680       ??0COleVariant@@QAE@FG@Z   100b2680 f   nafxcwd:olevar.obj
 0002:0002a700       ??0COleVariant@@QAE@JG@Z   100b2700 f   nafxcwd:olevar.obj
 0002:0002a840       ?ChangeType@COleVariant@@QAEXGPAUtagVARIANT@@@Z 100b2840 f   nafxcwd:olevar.obj
 0002:0002a890       ?Attach@COleVariant@@QAEXAAUtagVARIANT@@@Z 100b2890 f   nafxcwd:olevar.obj
 0002:0002a8c0       ?Detach@COleVariant@@QAE?AUtagVARIANT@@XZ 100b28c0 f   nafxcwd:olevar.obj
 0002:0002a910       ?GetByteArrayFromVariantArray@COleVariant@@QAEXAAVCByteArray@@@Z 100b2910 f   nafxcwd:olevar.obj
 0002:0002aa30       ??8COleVariant@@QBEHABUtagVARIANT@@@Z 100b2a30 f   nafxcwd:olevar.obj
 0002:0002adb0       ??4COleVariant@@QAEABV0@ABUtagVARIANT@@@Z 100b2db0 f   nafxcwd:olevar.obj
 0002:0002ade0       ??4COleVariant@@QAEABV0@PBUtagVARIANT@@@Z 100b2de0 f   nafxcwd:olevar.obj
 0002:0002ae10       ??4COleVariant@@QAEABV0@ABV0@@Z 100b2e10 f   nafxcwd:olevar.obj
 0002:0002ae40       ??4COleVariant@@QAEABV0@QBD@Z 100b2e40 f   nafxcwd:olevar.obj
 0002:0002af10       ??4COleVariant@@QAEABV0@ABV?$CStringT@DV?$StrTraitMFC@DV?$ChTraitsCRT@D@ATL@@@@@ATL@@@Z 100b2f10 f   nafxcwd:olevar.obj
 0002:0002afd0       ??4COleVariant@@QAEABV0@E@Z 100b2fd0 f   nafxcwd:olevar.obj
 0002:0002b010       ??4COleVariant@@QAEABV0@F@Z 100b3010 f   nafxcwd:olevar.obj
 0002:0002b080       ??4COleVariant@@QAEABV0@J@Z 100b3080 f   nafxcwd:olevar.obj
 0002:0002b100       ??4COleVariant@@QAEABV0@ABVCOleCurrency@@@Z 100b3100 f   nafxcwd:olevar.obj
 0002:0002b140       ??4COleVariant@@QAEABV0@M@Z 100b3140 f   nafxcwd:olevar.obj
 0002:0002b180       ??4COleVariant@@QAEABV0@N@Z 100b3180 f   nafxcwd:olevar.obj
 0002:0002b1c0       ??4COleVariant@@QAEABV0@ABVCOleDateTime@ATL@@@Z 100b31c0 f   nafxcwd:olevar.obj
 0002:0002b200       ??4COleVariant@@QAEABV0@ABVCByteArray@@@Z 100b3200 f   nafxcwd:olevar.obj
 0002:0002b260       ??4COleVariant@@QAEABV0@ABVCLongBinary@@@Z 100b3260 f   nafxcwd:olevar.obj
 0002:0002b2d0       ?AfxVariantInit@@YGXPAUtagVARIANT@@@Z 100b32d0 f   nafxcwd:olevar.obj
 0002:0002b2f0       ??6@YGAAVCDumpContext@@AAV0@VCOleVariant@@@Z 100b32f0 f   nafxcwd:olevar.obj
 0002:0002b800       ??6@YGAAVCArchive@@AAV0@VCOleVariant@@@Z 100b3800 f   nafxcwd:olevar.obj
 0002:0002bd70       ??5@YGAAVCArchive@@AAV0@AAVCOleVariant@@@Z 100b3d70 f   nafxcwd:olevar.obj
 0002:0002c1d0       ??6@YGAAVCArchive@@AAV0@VCComBSTR@ATL@@@Z 100b41d0 f   nafxcwd:olevar.obj
 0002:0002c250       ??5@YGAAVCArchive@@AAV0@AAVCComBSTR@ATL@@@Z 100b4250 f   nafxcwd:olevar.obj
 0002:0002c2c0       ??$CopyElements@VCOleVariant@@@@YGXPAVCOleVariant@@PBV0@H@Z 100b42c0 f   nafxcwd:olevar.obj
 0002:0002c360       ??$SerializeElements@VCOleVariant@@@@YGXAAVCArchive@@PAVCOleVariant@@H@Z 100b4360 f   nafxcwd:olevar.obj
 0002:0002c410       ??$DumpElements@VCOleVariant@@@@YGXAAVCDumpContext@@PBVCOleVariant@@H@Z 100b4410 f   nafxcwd:olevar.obj
 0002:0002c460       ??$HashKey@ABUtagVARIANT@@@@YGIABUtagVARIANT@@@Z 100b4460 f   nafxcwd:olevar.obj
 0002:0002c580       ??0COleCurrency@@QAE@JJ@Z  100b4580 f   nafxcwd:olevar.obj
 0002:0002c5b0       ??4COleCurrency@@QAEABV0@TtagCY@@@Z 100b45b0 f   nafxcwd:olevar.obj
 0002:0002c5e0       ??4COleCurrency@@QAEABV0@ABV0@@Z 100b45e0 f   nafxcwd:olevar.obj
 0002:0002c610       ??4COleCurrency@@QAEABV0@ABUtagVARIANT@@@Z 100b4610 f   nafxcwd:olevar.obj
 0002:0002c720       ??MCOleCurrency@@QBEHABV0@@Z 100b4720 f   nafxcwd:olevar.obj
 0002:0002c7b0       ??OCOleCurrency@@QBEHABV0@@Z 100b47b0 f   nafxcwd:olevar.obj
 0002:0002c840       ??NCOleCurrency@@QBEHABV0@@Z 100b4840 f   nafxcwd:olevar.obj
 0002:0002c8d0       ??PCOleCurrency@@QBEHABV0@@Z 100b48d0 f   nafxcwd:olevar.obj
 0002:0002c960       ??HCOleCurrency@@QBE?AV0@ABV0@@Z 100b4960 f   nafxcwd:olevar.obj
 0002:0002ca40       ??GCOleCurrency@@QBE?AV0@ABV0@@Z 100b4a40 f   nafxcwd:olevar.obj
 0002:0002cb20       ??GCOleCurrency@@QBE?AV0@XZ 100b4b20 f   nafxcwd:olevar.obj
 0002:0002cbb0       ??DCOleCurrency@@QBE?AV0@J@Z 100b4bb0 f   nafxcwd:olevar.obj
 0002:0002cdb0       ??KCOleCurrency@@QBE?AV0@J@Z 100b4db0 f   nafxcwd:olevar.obj
 0002:0002cea0       ?SetCurrency@COleCurrency@@QAEXJJ@Z 100b4ea0 f   nafxcwd:olevar.obj
 0002:0002cf50       ?ParseCurrency@COleCurrency@@QAEHPBDKK@Z 100b4f50 f   nafxcwd:olevar.obj
 0002:0002d110       ?Format@COleCurrency@@QBE?AV?$CStringT@DV?$StrTraitMFC@DV?$ChTraitsCRT@D@ATL@@@@@ATL@@KK@Z 100b5110 f   nafxcwd:olevar.obj
 0002:0002d2c0       ??6@YGAAVCDumpContext@@AAV0@VCOleCurrency@@@Z 100b52c0 f   nafxcwd:olevar.obj
 0002:0002d360       ??6@YGAAVCArchive@@AAV0@VCOleCurrency@@@Z 100b5360 f   nafxcwd:olevar.obj
 0002:0002d390       ??5@YGAAVCArchive@@AAV0@AAVCOleCurrency@@@Z 100b5390 f   nafxcwd:olevar.obj
 0002:0002d3d0       ??6@YGAAVCDumpContext@@AAV0@VCOleDateTime@ATL@@@Z 100b53d0 f   nafxcwd:olevar.obj
 0002:0002d470       ??6@YGAAVCArchive@@AAV0@VCOleDateTime@ATL@@@Z 100b5470 f   nafxcwd:olevar.obj
 0002:0002d4a0       ??5@YGAAVCArchive@@AAV0@AAVCOleDateTime@ATL@@@Z 100b54a0 f   nafxcwd:olevar.obj
 0002:0002d4d0       ??6@YGAAVCDumpContext@@AAV0@VCOleDateTimeSpan@ATL@@@Z 100b54d0 f   nafxcwd:olevar.obj
 0002:0002d580       ??6@YGAAVCArchive@@AAV0@VCOleDateTimeSpan@ATL@@@Z 100b5580 f   nafxcwd:olevar.obj
 0002:0002d5b0       ??5@YGAAVCArchive@@AAV0@AAVCOleDateTimeSpan@ATL@@@Z 100b55b0 f   nafxcwd:olevar.obj
 0002:0002d5e0       ??0COleSafeArray@@QAE@ABUtagSAFEARRAY@@G@Z 100b55e0 f   nafxcwd:olevar.obj
 0002:0002d640       ??0COleSafeArray@@QAE@PBUtagSAFEARRAY@@G@Z 100b5640 f   nafxcwd:olevar.obj
 0002:0002d6a0       ??0COleSafeArray@@QAE@ABV0@@Z 100b56a0 f   nafxcwd:olevar.obj
 0002:0002d6f0       ??0COleSafeArray@@QAE@ABUtagVARIANT@@@Z 100b56f0 f   nafxcwd:olevar.obj
 0002:0002d740       ??0COleSafeArray@@QAE@ABVCOleVariant@@@Z 100b5740 f   nafxcwd:olevar.obj
 0002:0002d790       ??0COleSafeArray@@QAE@PBUtagVARIANT@@@Z 100b5790 f   nafxcwd:olevar.obj
 0002:0002d7e0       ?Attach@COleSafeArray@@QAEXAAUtagVARIANT@@@Z 100b57e0 f   nafxcwd:olevar.obj
 0002:0002d850       ?Detach@COleSafeArray@@QAE?AUtagVARIANT@@XZ 100b5850 f   nafxcwd:olevar.obj
 0002:0002d8a0       ?GetByteArray@COleSafeArray@@QAEXAAVCByteArray@@@Z 100b58a0 f   nafxcwd:olevar.obj
 0002:0002d9c0       ??4COleSafeArray@@QAEAAV0@ABV0@@Z 100b59c0 f   nafxcwd:olevar.obj
 0002:0002da20       ??4COleSafeArray@@QAEAAV0@ABUtagVARIANT@@@Z 100b5a20 f   nafxcwd:olevar.obj
 0002:0002da80       ??4COleSafeArray@@QAEAAV0@PBUtagVARIANT@@@Z 100b5a80 f   nafxcwd:olevar.obj
 0002:0002dae0       ??4COleSafeArray@@QAEAAV0@ABVCOleVariant@@@Z 100b5ae0 f   nafxcwd:olevar.obj
 0002:0002db40       ??8COleSafeArray@@QBEHABUtagSAFEARRAY@@@Z 100b5b40 f   nafxcwd:olevar.obj
 0002:0002db60       ??8COleSafeArray@@QBEHPBUtagSAFEARRAY@@@Z 100b5b60 f   nafxcwd:olevar.obj
 0002:0002db80       ??8COleSafeArray@@QBEHABV0@@Z 100b5b80 f   nafxcwd:olevar.obj
 0002:0002dbc0       ??8COleSafeArray@@QBEHABUtagVARIANT@@@Z 100b5bc0 f   nafxcwd:olevar.obj
 0002:0002dc00       ??8COleSafeArray@@QBEHPBUtagVARIANT@@@Z 100b5c00 f   nafxcwd:olevar.obj
 0002:0002dc40       ??8COleSafeArray@@QBEHABVCOleVariant@@@Z 100b5c40 f   nafxcwd:olevar.obj
 0002:0002dc80       ?_AfxDumpSafeArrayElement@@YAXAAVCDumpContext@@AAVCOleSafeArray@@PAJ@Z 100b5c80 f   nafxcwd:olevar.obj
 0002:0002df60       ??6@YGAAVCDumpContext@@AAV0@AAVCOleSafeArray@@@Z 100b5f60 f   nafxcwd:olevar.obj
 0002:0002e1e0       ?CreateOneDim@COleSafeArray@@QAEXGKPBXJ@Z 100b61e0 f   nafxcwd:olevar.obj
 0002:0002e270       ?GetOneDimSize@COleSafeArray@@QAEKXZ 100b6270 f   nafxcwd:olevar.obj
 0002:0002e2d0       ?ResizeOneDim@COleSafeArray@@QAEXK@Z 100b62d0 f   nafxcwd:olevar.obj
 0002:0002e330       ?Create@COleSafeArray@@QAEXGKPAK@Z 100b6330 f   nafxcwd:olevar.obj
 0002:0002e460       ?Create@COleSafeArray@@QAEXGKPAUtagSAFEARRAYBOUND@@@Z 100b6460 f   nafxcwd:olevar.obj
 0002:0002e5e0       ?AccessData@COleSafeArray@@QAEXPAPAX@Z 100b65e0 f   nafxcwd:olevar.obj
 0002:0002e610       ?UnaccessData@COleSafeArray@@QAEXXZ 100b6610 f   nafxcwd:olevar.obj
 0002:0002e630       ?AllocData@COleSafeArray@@QAEXXZ 100b6630 f   nafxcwd:olevar.obj
 0002:0002e650       ?AllocDescriptor@COleSafeArray@@QAEXK@Z 100b6650 f   nafxcwd:olevar.obj
 0002:0002e680       ?Copy@COleSafeArray@@QAEXPAPAUtagSAFEARRAY@@@Z 100b6680 f   nafxcwd:olevar.obj
 0002:0002e6b0       ?GetLBound@COleSafeArray@@QAEXKPAJ@Z 100b66b0 f   nafxcwd:olevar.obj
 0002:0002e6e0       ?GetUBound@COleSafeArray@@QAEXKPAJ@Z 100b66e0 f   nafxcwd:olevar.obj
 0002:0002e710       ?GetElement@COleSafeArray@@QAEXPAJPAX@Z 100b6710 f   nafxcwd:olevar.obj
 0002:0002e740       ?PtrOfIndex@COleSafeArray@@QAEXPAJPAPAX@Z 100b6740 f   nafxcwd:olevar.obj
 0002:0002e770       ?PutElement@COleSafeArray@@QAEXPAJPAX@Z 100b6770 f   nafxcwd:olevar.obj
 0002:0002e7a0       ?Redim@COleSafeArray@@QAEXPAUtagSAFEARRAYBOUND@@@Z 100b67a0 f   nafxcwd:olevar.obj
 0002:0002e7d0       ?Lock@COleSafeArray@@QAEXXZ 100b67d0 f   nafxcwd:olevar.obj
 0002:0002e7f0       ?Unlock@COleSafeArray@@QAEXXZ 100b67f0 f   nafxcwd:olevar.obj
 0002:0002e810       ?Destroy@COleSafeArray@@QAEXXZ 100b6810 f   nafxcwd:olevar.obj
 0002:0002e830       ?DestroyData@COleSafeArray@@QAEXXZ 100b6830 f   nafxcwd:olevar.obj
 0002:0002e850       ?DestroyDescriptor@COleSafeArray@@QAEXXZ 100b6850 f   nafxcwd:olevar.obj
 0002:0002e870       ?AfxSafeArrayInit@@YGXPAVCOleSafeArray@@@Z 100b6870 f   nafxcwd:olevar.obj
 0002:0002e890       ?DDX_Text@@YGXPAVCDataExchange@@HAAVCOleDateTime@ATL@@@Z 100b6890 f   nafxcwd:olevar.obj
 0002:0002e9b0       ?DDX_Text@@YGXPAVCDataExchange@@HAAU_FILETIME@@@Z 100b69b0 f   nafxcwd:olevar.obj
 0002:0002eb30       ?DDX_Text@@YGXPAVCDataExchange@@HAAVCOleCurrency@@@Z 100b6b30 f   nafxcwd:olevar.obj
 0002:0002ec50       ?DDX_Text@@YGXPAVCDataExchange@@HAAUtagDEC@@@Z 100b6c50 f   nafxcwd:olevar.obj
 0002:0002ee30       ?DDX_Text@@YGXPAVCDataExchange@@HAAU_GUID@@@Z 100b6e30 f   nafxcwd:olevar.obj
 0002:000304d0       ?Attach@CComBSTR@ATL@@QAEXPA_W@Z 100b84d0 f i nafxcwd:olevar.obj
 0002:00030510       ?Detach@CComBSTR@ATL@@QAEPA_WXZ 100b8510 f i nafxcwd:olevar.obj
 0002:00030540       ??$HashKey@K@@YGIK@Z       100b8540 f i nafxcwd:olevar.obj
 0002:00030550       ?Empty@CComBSTR@ATL@@QAEXXZ 100b8550 f i nafxcwd:olevar.obj
 0002:00030580       ?ParseDateTime@COleDateTime@ATL@@QAE_NPBDKK@Z 100b8580 f i nafxcwd:olevar.obj
 0002:00030810       ?Format@COleDateTime@ATL@@QBE?AV?$CStringT@DV?$StrTraitMFC@DV?$ChTraitsCRT@D@ATL@@@@@2@KK@Z 100b8810 f i nafxcwd:olevar.obj
 0002:00030a90       ??0CComBSTR@ATL@@QAE@XZ    100b8a90 f i nafxcwd:olevar.obj
 0002:00030ab0       ??BCComBSTR@ATL@@QBEPA_WXZ 100b8ab0 f i nafxcwd:olevar.obj
 0002:00030ad0       ??ICComBSTR@ATL@@QAEPAPA_WXZ 100b8ad0 f i nafxcwd:olevar.obj
 0002:00030af0       ??0?$CStringT@DV?$StrTraitMFC@DV?$ChTraitsCRT@D@ATL@@@@@ATL@@QAE@PB_W@Z 100b8af0 f i nafxcwd:olevar.obj
 0002:00030b80       ?AtlAllocTaskWideString@ATL@@YAPA_WPBD@Z 100b8b80 f i nafxcwd:olecnvrt.obj
 0002:00030c40       ?AtlAllocTaskAnsiString@ATL@@YAPADPB_W@Z 100b8c40 f i nafxcwd:olecnvrt.obj
 0002:00030d00       ?_mbstowcsz@ATL@@YAHPA_WPBDK@Z 100b8d00 f i nafxcwd:winfrm.obj
 0002:00030da0       ??0CPushRoutingFrame@@QAE@PAVCFrameWnd@@@Z 100b8da0 f i nafxcwd:winfrm.obj
 0002:00030e20       ??1CPushRoutingFrame@@QAE@XZ 100b8e20 f i nafxcwd:winfrm.obj
 0002:00030ea0       ?Pop@CPushRoutingFrame@@QAEXXZ 100b8ea0 f i nafxcwd:winfrm.obj
 0002:00030f40       ??RCTraceFileAndLineInfo@ATL@@QBAXPBDZZ 100b8f40 f i nafxcwd:filecore.obj
 0002:00030fa0       ?GetFileTitle@@YGFPBDPADG@Z 100b8fa0 f i nafxcwd:filecore.obj
 0002:00030fc0       __tcsdec                   100b8fc0 f i nafxcwd:docmgr.obj
 0002:00030fe0       ??0CFixedAllocNoSync@@QAE@II@Z 100b8fe0 f   nafxcwd:fixalloc.obj
 0002:00031060       ??1CFixedAllocNoSync@@QAE@XZ 100b9060 f   nafxcwd:fixalloc.obj
 0002:00031080       ?FreeAll@CFixedAllocNoSync@@QAEXXZ 100b9080 f   nafxcwd:fixalloc.obj
 0002:000310b0       ?Alloc@CFixedAllocNoSync@@QAEPAXXZ 100b90b0 f   nafxcwd:fixalloc.obj
 0002:00031180       ?Free@CFixedAllocNoSync@@QAEXPAX@Z 100b9180 f   nafxcwd:fixalloc.obj
 0002:000311b0       ??0CFixedAlloc@@QAE@II@Z   100b91b0 f   nafxcwd:fixalloc.obj
 0002:000311e0       ??1CFixedAlloc@@QAE@XZ     100b91e0 f   nafxcwd:fixalloc.obj
 0002:00031200       ?FreeAll@CFixedAlloc@@QAEXXZ 100b9200 f   nafxcwd:fixalloc.obj
 0002:000312b0       ?Alloc@CFixedAlloc@@QAEPAXXZ 100b92b0 f   nafxcwd:fixalloc.obj
 0002:00031370       ?Free@CFixedAlloc@@QAEXPAX@Z 100b9370 f   nafxcwd:fixalloc.obj
 0002:00031540       ??0IStream@@QAE@XZ         100b9540 f i nafxcwd:arcstrm.obj
 0002:00031560       ??0ISequentialStream@@QAE@XZ 100b9560 f i nafxcwd:arcstrm.obj
 0002:00031580       ?EnableTypeLib@CCmdTarget@@QAEXXZ 100b9580 f   nafxcwd:oletyplb.obj
 0002:000315d0       ?GetTypeInfoOfGuid@CCmdTarget@@QAEJKABU_GUID@@PAPAUITypeInfo@@@Z 100b95d0 f   nafxcwd:oletyplb.obj
 0002:00031790       ?AfxGetTypeLibCache@@YGPAVCTypeLibCache@@PBU_GUID@@@Z 100b9790 f   nafxcwd:oletyplb.obj
 0002:00031980       ?Lock@CTypeLibCache@@QAEXXZ 100b9980 f   nafxcwd:oletyplb.obj
 0002:000319d0       ?Lookup@CTypeLibCache@@QAEHKPAPAUITypeLib@@@Z 100b99d0 f   nafxcwd:oletyplb.obj
 0002:00031a40       ?Cache@CTypeLibCache@@QAEXKPAUITypeLib@@@Z 100b9a40 f   nafxcwd:oletyplb.obj
 0002:00031b00       ?LookupTypeInfo@CTypeLibCache@@QAEHKABU_GUID@@PAPAUITypeInfo@@@Z 100b9b00 f   nafxcwd:oletyplb.obj
 0002:00031bb0       ?CacheTypeInfo@CTypeLibCache@@QAEXKABU_GUID@@PAUITypeInfo@@@Z 100b9bb0 f   nafxcwd:oletyplb.obj
 0002:00031de0       ??0CTypeLibCacheMap@@QAE@XZ 100b9de0 f i nafxcwd:oletyplb.obj
 0002:00031e10       ??_GCTypeLibCacheMap@@UAEPAXI@Z 100b9e10 f i nafxcwd:oletyplb.obj
 0002:00031e10       ??_ECTypeLibCacheMap@@UAEPAXI@Z 100b9e10 f i nafxcwd:oletyplb.obj
 0002:00031e50       ??1CTypeLibCacheMap@@UAE@XZ 100b9e50 f i nafxcwd:oletyplb.obj
 0002:00031e70       ??_9@$BBGA@AE              100b9e70 f i nafxcwd:viewcore.obj
 0002:00031e80       ??0CPushRoutingView@@QAE@PAVCView@@@Z 100b9e80 f i nafxcwd:viewcore.obj
 0002:00031f00       ??1CPushRoutingView@@QAE@XZ 100b9f00 f i nafxcwd:viewcore.obj
 0002:00031f80       ?Pop@CPushRoutingView@@QAEXXZ 100b9f80 f i nafxcwd:viewcore.obj
 0002:00032020       ?_JumpToContinuation@@YGXPAXPAUEHRegistrationNode@@@Z 100ba020 f   libcmtd:trnsctrl.obj
 0002:00032060       ?_CallMemberFunction0@@YGXPAX0@Z 100ba060 f   libcmtd:trnsctrl.obj
 0002:00032070       ?_CallMemberFunction1@@YGXPAX00@Z 100ba070 f   libcmtd:trnsctrl.obj
 0002:00032080       ?_CallMemberFunction2@@YGXPAX00H@Z 100ba080 f   libcmtd:trnsctrl.obj
 0002:00032090       ?_UnwindNestedFrames@@YGXPAUEHRegistrationNode@@PAUEHExceptionRecord@@@Z 100ba090 f   libcmtd:trnsctrl.obj
 0002:00032100       ___CxxFrameHandler         100ba100 f   libcmtd:trnsctrl.obj
 0002:00032150       ___CxxLongjmpUnwind@4      100ba150 f   libcmtd:trnsctrl.obj
 0002:00032180       ?_CallCatchBlock2@@YAPAXPAUEHRegistrationNode@@PBU_s_FuncInfo@@PAXHK@Z 100ba180 f   libcmtd:trnsctrl.obj
 0002:00032280       ?_CallSETranslator@@YAHPAUEHExceptionRecord@@PAUEHRegistrationNode@@PAX2PBU_s_FuncInfo@@H1@Z 100ba280 f   libcmtd:trnsctrl.obj
 0002:000324a0       ?_GetRangeOfTrysToCheck@@YAPBU_s_TryBlockMapEntry@@PBU_s_FuncInfo@@HHPAI1@Z 100ba4a0 f   libcmtd:trnsctrl.obj
 0002:00032550       ?_CreateFrameInfo@@YAPAUFrameInfo@@PAU1@PAX@Z 100ba550 f   libcmtd:trnsctrl.obj
 0002:00032590       ?IsExceptionObjectToBeDestroyed@@YAHPAX@Z 100ba590 f   libcmtd:trnsctrl.obj
 0002:000325d0       ?_FindAndUnlinkFrame@@YAXPAUFrameInfo@@@Z 100ba5d0 f   libcmtd:trnsctrl.obj
 0002:0003263c       __global_unwind2           100ba63c f   libcmtd:exsup.obj
 0002:0003267e       __local_unwind2            100ba67e f   libcmtd:exsup.obj
 0002:000326d6       __NLG_Return2              100ba6d6     libcmtd:exsup.obj
 0002:000326e6       __abnormal_termination     100ba6e6 f   libcmtd:exsup.obj
 0002:00032709       __NLG_Notify1              100ba709 f   libcmtd:exsup.obj
 0002:00032712       __NLG_Notify               100ba712 f   libcmtd:exsup.obj
 0002:00032725       __NLG_Dispatch             100ba725     libcmtd:exsup.obj
 0002:00032770       __RTC_CheckEsp             100ba770 f   libcmtd:stack.obj
 0002:000327a0       @_RTC_CheckStackVars@8     100ba7a0 f   libcmtd:stack.obj
 0002:00032820       __RTC_InitBase             100ba820 f   libcmtd:init.obj
 0002:00032860       __RTC_Shutdown             100ba860 f   libcmtd:init.obj
 0002:00032880       __CrtDbgBreak              100ba880 f   libcmtd:dbgrpt.obj
 0002:00032890       __CrtSetReportMode         100ba890 f   libcmtd:dbgrpt.obj
 0002:00032900       __CrtSetReportFile         100ba900 f   libcmtd:dbgrpt.obj
 0002:000329a0       __CrtSetReportHook         100ba9a0 f   libcmtd:dbgrpt.obj
 0002:000329d0       __CrtSetReportHook2        100ba9d0 f   libcmtd:dbgrpt.obj
 0002:00032cb0       __CrtDbgReport             100bacb0 f   libcmtd:dbgrpt.obj
 0002:00033600       __mbscmp                   100bb600 f   libcmtd:mbscmp.obj
 0002:00033780       _strlen                    100bb780 f   libcmtd:strlen.obj
 0002:00033830       _memcpy                    100bb830 f   libcmtd:memcpy.obj
 0002:00033c40       _memmove                   100bbc40 f   libcmtd:memmove.obj
 0002:00034050       __fpmath                   100bc050 f   libcmtd:fpinit.obj
 0002:00034080       __fpclear                  100bc080 f   libcmtd:fpinit.obj
 0002:00034090       __cfltcvt_init             100bc090 f   libcmtd:fpinit.obj
 0002:000340f0       ___setfflag                100bc0f0 f   libcmtd:fpinit.obj
 0002:00034120       _vsprintf                  100bc120 f   libcmtd:vsprintf.obj
 0002:00034240       __vscprintf                100bc240 f   libcmtd:vsprintf.obj
 0002:000342e0       _strcpy                    100bc2e0 f   libcmtd:strcat.obj
 0002:000342f0       _strcat                    100bc2f0 f   libcmtd:strcat.obj
 0002:00034420       _memset                    100bc420 f   libcmtd:memset.obj
 0002:000344a0       _atol                      100bc4a0 f   libcmtd:atox.obj
 0002:000345f0       _atoi                      100bc5f0 f   libcmtd:atox.obj
 0002:00034610       __atoi64                   100bc610 f   libcmtd:atox.obj
 0002:00034794       __ftol2                    100bc794 f   libcmtd:ftol2.obj
 0002:00034830       _atof                      100bc830 f   libcmtd:atof.obj
 0002:00034890       _fclose                    100bc890 f   libcmtd:fclose.obj
 0002:00034980       __fclose_lk                100bc980 f   libcmtd:fclose.obj
 0002:00034a60       _fprintf                   100bca60 f   libcmtd:fprintf.obj
 0002:00034b90       __fsopen                   100bcb90 f   libcmtd:fopen.obj
 0002:00034d10       _fopen                     100bcd10 f   libcmtd:fopen.obj
 0002:00034d30       __mbsupr                   100bcd30 f   libcmtd:mbsupr.obj
 0002:00034e60       __onexit                   100bce60 f   libcmtd:onexit.obj
 0002:00035000       _atexit                    100bd000 f   libcmtd:onexit.obj
 0002:00035020       ___onexitinit              100bd020 f   libcmtd:onexit.obj
 0002:00035080       __chkstk                   100bd080 f   libcmtd:chkstk.obj
 0002:00035080       __alloca_probe             100bd080     libcmtd:chkstk.obj
 0002:000350d0       __resetstkoflw             100bd0d0 f   libcmtd:resetstk.obj
 0002:00035274       __except_handler3          100bd274 f   libcmtd:exsup3.obj
 0002:0003535a       __seh_longjmp_unwind@4     100bd35a f   libcmtd:exsup3.obj
 0002:000353c0       _wcscat                    100bd3c0 f   libcmtd:wcscat.obj
 0002:00035430       _wcscpy                    100bd430 f   libcmtd:wcscat.obj
 0002:00035480       _malloc                    100bd480 f   libcmtd:dbgheap.obj
 0002:000354b0       __malloc_dbg               100bd4b0 f   libcmtd:dbgheap.obj
 0002:000354f0       __nh_malloc                100bd4f0 f   libcmtd:dbgheap.obj
 0002:00035520       __nh_malloc_dbg            100bd520 f   libcmtd:dbgheap.obj
 0002:000355f0       __heap_alloc               100bd5f0 f   libcmtd:dbgheap.obj
 0002:00035610       __heap_alloc_dbg           100bd610 f   libcmtd:dbgheap.obj
 0002:000359f0       _calloc                    100bd9f0 f   libcmtd:dbgheap.obj
 0002:00035a20       __calloc_dbg               100bda20 f   libcmtd:dbgheap.obj
 0002:00035ac0       _realloc                   100bdac0 f   libcmtd:dbgheap.obj
 0002:00035af0       __realloc_dbg              100bdaf0 f   libcmtd:dbgheap.obj
 0002:00036200       __expand                   100be200 f   libcmtd:dbgheap.obj
 0002:00036230       __expand_dbg               100be230 f   libcmtd:dbgheap.obj
 0002:000362e0       _free                      100be2e0 f   libcmtd:dbgheap.obj
 0002:00036300       __free_lk                  100be300 f   libcmtd:dbgheap.obj
 0002:00036320       __free_dbg                 100be320 f   libcmtd:dbgheap.obj
 0002:000363b0       __free_dbg_lk              100be3b0 f   libcmtd:dbgheap.obj
 0002:000368d0       __msize                    100be8d0 f   libcmtd:dbgheap.obj
 0002:000368f0       __msize_dbg                100be8f0 f   libcmtd:dbgheap.obj
 0002:00036ac0       __CrtSetBreakAlloc         100beac0 f   libcmtd:dbgheap.obj
 0002:00036af0       __CrtSetDbgBlockType       100beaf0 f   libcmtd:dbgheap.obj
 0002:00036c00       __CrtSetAllocHook          100bec00 f   libcmtd:dbgheap.obj
 0002:00036c90       __CrtCheckMemory           100bec90 f   libcmtd:dbgheap.obj
 0002:000370e0       __CrtSetDbgFlag            100bf0e0 f   libcmtd:dbgheap.obj
 0002:000371b0       __CrtDoForAllClientObjects 100bf1b0 f   libcmtd:dbgheap.obj
 0002:00037280       __CrtIsValidPointer        100bf280 f   libcmtd:dbgheap.obj
 0002:000372e0       __CrtIsValidHeapPointer    100bf2e0 f   libcmtd:dbgheap.obj
 0002:000373c0       __CrtIsMemoryBlock         100bf3c0 f   libcmtd:dbgheap.obj
 0002:00037530       __CrtReportBlockType       100bf530 f   libcmtd:dbgheap.obj
 0002:00037570       __CrtSetDumpClient         100bf570 f   libcmtd:dbgheap.obj
 0002:000375a0       __CrtMemCheckpoint         100bf5a0 f   libcmtd:dbgheap.obj
 0002:000377a0       __CrtMemDifference         100bf7a0 f   libcmtd:dbgheap.obj
 0002:00037900       __CrtMemDumpAllObjectsSince 100bf900 f   libcmtd:dbgheap.obj
 0002:00037e00       __CrtDumpMemoryLeaks       100bfe00 f   libcmtd:dbgheap.obj
 0002:00037e80       __CrtMemDumpStatistics     100bfe80 f   libcmtd:dbgheap.obj
 0002:00037f60       __aligned_malloc           100bff60 f   libcmtd:dbgheap.obj
 0002:00037f90       __aligned_malloc_dbg       100bff90 f   libcmtd:dbgheap.obj
 0002:00037fc0       __aligned_realloc          100bffc0 f   libcmtd:dbgheap.obj
 0002:00037ff0       __aligned_realloc_dbg      100bfff0 f   libcmtd:dbgheap.obj
 0002:00038020       __aligned_offset_malloc    100c0020 f   libcmtd:dbgheap.obj
 0002:00038050       __aligned_offset_malloc_dbg 100c0050 f   libcmtd:dbgheap.obj
 0002:00038200       __aligned_offset_realloc   100c0200 f   libcmtd:dbgheap.obj
 0002:00038230       __aligned_offset_realloc_dbg 100c0230 f   libcmtd:dbgheap.obj
 0002:00038550       __aligned_free             100c0550 f   libcmtd:dbgheap.obj
 0002:00038570       __aligned_free_dbg         100c0570 f   libcmtd:dbgheap.obj
 0002:00038640       __CRT_INIT@12              100c0640 f   libcmtd:dllcrt0.obj
 0002:00038920       __DllMainCRTStartup@12     100c0920 f   libcmtd:dllcrt0.obj
 0002:00038b00       __amsg_exit                100c0b00 f   libcmtd:dllcrt0.obj
 0002:00038b50       @__security_check_cookie@4 100c0b50 f   libcmtd:secchk.obj
 0002:00038c00       ??1type_info@@UAE@XZ       100c0c00 f   libcmtd:typinfo.obj
 0002:00038cb0       ??_Etype_info@@UAEPAXI@Z   100c0cb0 f i libcmtd:typinfo.obj
 0002:00038cb0       ??_Gtype_info@@UAEPAXI@Z   100c0cb0 f i libcmtd:typinfo.obj
 0002:00038cf0       ??8type_info@@QBEHABV0@@Z  100c0cf0 f   libcmtd:typinfo.obj
 0002:00038d30       ??9type_info@@QBEHABV0@@Z  100c0d30 f   libcmtd:typinfo.obj
 0002:00038d70       ?before@type_info@@QBEHABV1@@Z 100c0d70 f   libcmtd:typinfo.obj
 0002:00038db0       ?raw_name@type_info@@QBEPBDXZ 100c0db0 f   libcmtd:typinfo.obj
 0002:00038dd0       ??0type_info@@AAE@ABV0@@Z  100c0dd0 f   libcmtd:typinfo.obj
 0002:00038df0       ??4type_info@@AAEAAV0@ABV0@@Z 100c0df0 f   libcmtd:typinfo.obj
 0002:00038e10       __CxxThrowException@8      100c0e10 f   libcmtd:throw.obj
 0002:00038e70       _sprintf                   100c0e70 f   libcmtd:sprintf.obj
 0002:00038fa0       __scprintf                 100c0fa0 f   libcmtd:sprintf.obj
 0002:00039040       __purecall                 100c1040 f   libcmtd:purevirt.obj
 0002:00039070       __set_purecall_handler     100c1070 f   libcmtd:purevirt.obj
 0002:000390a0       _memcmp                    100c10a0 f   libcmtd:memcmp.obj
 0002:00039190       _abs                       100c1190 f   libcmtd:abs.obj
 0002:000391c0       __abs64                    100c11c0 f   libcmtd:abs.obj
 0002:00039210       __mbschr                   100c1210 f   libcmtd:mbschr.obj
 0002:00039310       _wcslen                    100c1310 f   libcmtd:wcslen.obj
 0002:00039350       _swprintf                  100c1350 f   libcmtd:swprintf.obj
 0002:000394d0       __scwprintf                100c14d0 f   libcmtd:swprintf.obj
 0002:00039570       __beginthreadex            100c1570 f   libcmtd:threadex.obj
 0002:000397d0       __endthreadex              100c17d0 f   libcmtd:threadex.obj
 0002:00039830       _sscanf                    100c1830 f   libcmtd:sscanf.obj
 0002:00039900       __snprintf                 100c1900 f   libcmtd:snprintf.obj
 0002:00039a30       __strdup                   100c1a30 f   libcmtd:strdup.obj
 0002:00039a90       __cinit                    100c1a90 f   libcmtd:crt0dat.obj
 0002:00039b10       _exit                      100c1b10 f   libcmtd:crt0dat.obj
 0002:00039b30       __exit                     100c1b30 f   libcmtd:crt0dat.obj
 0002:00039b50       __cexit                    100c1b50 f   libcmtd:crt0dat.obj
 0002:00039b70       __c_exit                   100c1b70 f   libcmtd:crt0dat.obj
 0002:00039d10       ___crtExitProcess          100c1d10 f   libcmtd:crt0dat.obj
 0002:00039d70       __lockexit                 100c1d70 f   libcmtd:crt0dat.obj
 0002:00039d90       __unlockexit               100c1d90 f   libcmtd:crt0dat.obj
 0002:00039e30       ??_M@YGXPAXIHP6EX0@Z@Z     100c1e30 f   libcmtd:ehvecdtr.obj
 0002:00039f00       ?__ArrayUnwind@@YGXPAXIHP6EX0@Z@Z 100c1f00 f   libcmtd:ehvecdtr.obj
 0002:00039fe0       __dosmaperr                100c1fe0 f   libcmtd:dosmap.obj
 0002:0003a0a0       __errno                    100c20a0 f   libcmtd:dosmap.obj
 0002:0003a0b0       ___doserrno                100c20b0 f   libcmtd:dosmap.obj
 0002:0003a0c0       __mbsrchr                  100c20c0 f   libcmtd:mbsrchr.obj
 0002:0003a1c0       __mbsinc                   100c21c0 f   libcmtd:mbsinc.obj
 0002:0003a210       _labs                      100c2210 f   libcmtd:labs.obj
 0002:0003a240       __allshl                   100c2240 f   libcmtd:llshl.obj
 0002:0003a270       __allmul                   100c2270 f   libcmtd:llmul.obj
 0002:0003a2c0       __aullshr                  100c22c0 f   libcmtd:ullshr.obj
 0002:0003a2f0       __alldiv                   100c22f0 f   libcmtd:lldiv.obj
 0002:0003a3d0       ___updatetmbcinfo          100c23d0 f   libcmtd:mbctype.obj
 0002:0003a4d0       __setmbcp                  100c24d0 f   libcmtd:mbctype.obj
 0002:0003b060       __getmbcp                  100c3060 f   libcmtd:mbctype.obj
 0002:0003b080       ___initmbctable            100c3080 f   libcmtd:mbctype.obj
 0002:0003b0b0       ??_L@YGXPAXIHP6EX0@Z1@Z    100c30b0 f   libcmtd:ehvecctr.obj
 0002:0003b180       __mbsdec                   100c3180 f   libcmtd:mbsdec.obj
 0002:0003b230       __mbsspn                   100c3230 f   libcmtd:mbsspn.obj
 0002:0003b280       ___mbsspn_mt               100c3280 f   libcmtd:mbsspn.obj
 0002:0003b3d0       __mbscspn                  100c33d0 f   libcmtd:mbscspn.obj
 0002:0003b420       ___mbscspn_mt              100c3420 f   libcmtd:mbscspn.obj
 0002:0003b570       __vsnprintf                100c3570 f   libcmtd:vsnprint.obj
 0002:0003b670       __gcvt                     100c3670 f   libcmtd:gcvt.obj
 0002:0003b820       __mbspbrk                  100c3820 f   libcmtd:mbspbrk.obj
 0002:0003b870       ___mbspbrk_mt              100c3870 f   libcmtd:mbspbrk.obj
 0002:0003b9c0       __ctime64                  100c39c0 f   libcmtd:ctime64.obj
 0002:0003ba00       __ismbcspace               100c3a00 f   libcmtd:ismbspc.obj
 0002:0003bb00       ___InternalCxxFrameHandler 100c3b00 f   libcmtd:frame.obj
 0002:0003c1d0       ___FrameUnwindToState      100c41d0 f   libcmtd:frame.obj
 0002:0003cb10       ___DestructExceptionObject 100c4b10 f   libcmtd:frame.obj
 0002:0003cc20       ?__uncaught_exception@@YA_NXZ 100c4c20 f   libcmtd:frame.obj
 0002:0003cc40       ___CxxExceptionFilter      100c4c40 f   libcmtd:frame.obj
 0002:0003ce60       ___CxxRegisterExceptionObject 100c4e60 f   libcmtd:frame.obj
 0002:0003cfc0       ___CxxDetectRethrow        100c4fc0 f   libcmtd:frame.obj
 0002:0003d030       ___CxxUnregisterExceptionObject 100c5030 f   libcmtd:frame.obj
 0002:0003d130       ___CxxQueryExceptionSize   100c5130 f   libcmtd:frame.obj
 0002:0003d140       ___CxxCallUnwindDtor       100c5140 f   libcmtd:frame.obj
 0002:0003d1c0       ___CxxCallUnwindVecDtor    100c51c0 f   libcmtd:frame.obj
 0002:0003d250       __CallSettingFrame@12      100c5250 f   libcmtd:lowhelpr.obj
 0002:0003d277       __NLG_Return               100c5277     libcmtd:lowhelpr.obj
 0002:0003d2b0       ___crtTlsAlloc@4           100c52b0 f   libcmtd:tidtable.obj
 0002:0003d2c0       __mtinit                   100c52c0 f   libcmtd:tidtable.obj
 0002:0003d460       __mtterm                   100c5460 f   libcmtd:tidtable.obj
 0002:0003d4a0       __initptd                  100c54a0 f   libcmtd:tidtable.obj
 0002:0003d4c0       __getptd                   100c54c0 f   libcmtd:tidtable.obj
 0002:0003d590       __freefls@4                100c5590 f   libcmtd:tidtable.obj
 0002:0003d8a0       __freeptd                  100c58a0 f   libcmtd:tidtable.obj
 0002:0003d8f0       ___threadid                100c58f0 f   libcmtd:tidtable.obj
 0002:0003d900       ___threadhandle            100c5900 f   libcmtd:tidtable.obj
 0002:0003d910       ?terminate@@YAXXZ          100c5910 f   libcmtd:hooks.obj
 0002:0003d9a0       ?unexpected@@YAXXZ         100c59a0 f   libcmtd:hooks.obj
 0002:0003d9d0       ?_inconsistency@@YAXXZ     100c59d0 f   libcmtd:hooks.obj
 0002:0003da60       ?_RTC_Failure@@YAXPAXH@Z   100c5a60 f   libcmtd:error.obj
 0002:0003dd50       ?_RTC_MemFailure@@YAXPAXHPBX@Z 100c5d50 f   libcmtd:error.obj
 0002:0003e030       ?_RTC_StackFailure@@YAXPAXPBD@Z 100c6030 f   libcmtd:error.obj
 0002:0003e120       __RTC_UninitUse            100c6120 f   libcmtd:error.obj
 0002:0003e350       __RTC_NumErrors            100c6350 f   libcmtd:userapi.obj
 0002:0003e360       __RTC_GetErrDesc           100c6360 f   libcmtd:userapi.obj
 0002:0003e390       __RTC_SetErrorType         100c6390 f   libcmtd:userapi.obj
 0002:0003e3c0       __RTC_SetErrorFunc         100c63c0 f   libcmtd:userapi.obj
 0002:0003e3e0       ?_RTC_GetErrorFunc@@YAP6AHHPBDH00ZZPBX@Z 100c63e0 f   libcmtd:userapi.obj
 0002:0003e3f0       __chkesp                   100c63f0 f   libcmtd:chkesp.obj
 0002:0003e440       __CRT_RTC_INIT             100c6440 f   libcmtd:chkesp.obj
 0002:0003e450       __mtinitlocks              100c6450 f   libcmtd:mlock.obj
 0002:0003e500       __mtdeletelocks            100c6500 f   libcmtd:mlock.obj
 0002:0003e5f0       __mtinitlocknum            100c65f0 f   libcmtd:mlock.obj
 0002:0003e760       __lock                     100c6760 f   libcmtd:mlock.obj
 0002:0003e7b0       __unlock                   100c67b0 f   libcmtd:mlock.obj
 0002:0003e7d0       __lockerr_exit             100c67d0 f   libcmtd:mlock.obj
 0002:0003e800       __itoa                     100c6800 f   libcmtd:xtoa.obj
 0002:0003e960       __ltoa                     100c6960 f   libcmtd:xtoa.obj
 0002:0003e9b0       __ultoa                    100c69b0 f   libcmtd:xtoa.obj
 0002:0003e9e0       __i64toa                   100c69e0 f   libcmtd:xtoa.obj
 0002:0003eb70       __ui64toa                  100c6b70 f   libcmtd:xtoa.obj
 0002:0003eba0       _signal                    100c6ba0 f   libcmtd:winsig.obj
[...]
 0005:00001ccc       __imp__SetClipboardViewer@4 1022eccc     user32:USER32.dll
 0005:00001cd0       __imp__ChangeClipboardChain@8 1022ecd0     user32:USER32.dll
 0005:00001cd4       __imp__FlashWindow@8       1022ecd4     user32:USER32.dll
 0005:00001cd8       __imp__WindowFromPoint@8   1022ecd8     user32:USER32.dll
 0005:00001cdc       __imp__SetParent@8         1022ecdc     user32:USER32.dll
 0005:00001ce0       __imp__GetLastActivePopup@4 1022ece0     user32:USER32.dll
 0005:00001ce4       __imp__FindWindowExA@16    1022ece4     user32:USER32.dll
 0005:00001ce8       __imp__ChildWindowFromPointEx@16 1022ece8     user32:USER32.dll
 0005:00001cec       __imp__ChildWindowFromPoint@12 1022ecec     user32:USER32.dll
 0005:00001cf0       __imp__ShowScrollBar@12    1022ecf0     user32:USER32.dll
 0005:00001cf4       __imp__GetNextDlgTabItem@12 1022ecf4     user32:USER32.dll
 0005:00001cf8       __imp__GetNextDlgGroupItem@12 1022ecf8     user32:USER32.dll
 0005:00001cfc       __imp__DlgDirSelectComboBoxExA@16 1022ecfc     user32:USER32.dll
 0005:00001d00       __imp__DlgDirSelectExA@16  1022ed00     user32:USER32.dll
 0005:00001d04       __imp__DlgDirListComboBoxA@20 1022ed04     user32:USER32.dll
 0005:00001d08       __imp__SetRectEmpty@4      1022ed08     user32:USER32.dll
 0005:00001d0c       __imp__GetDesktopWindow@0  1022ed0c     user32:USER32.dll
 0005:00001d10       __imp__SetCapture@4        1022ed10     user32:USER32.dll
 0005:00001d14       __imp__GetActiveWindow@0   1022ed14     user32:USER32.dll
 0005:00001d18       __imp__KillTimer@8         1022ed18     user32:USER32.dll
 0005:00001d1c       __imp__SetTimer@16         1022ed1c     user32:USER32.dll
 0005:00001d20       __imp__DrawCaption@16      1022ed20     user32:USER32.dll
 0005:00001d24       __imp__DrawAnimatedRects@16 1022ed24     user32:USER32.dll
 0005:00001d28       __imp__EnableScrollBar@12  1022ed28     user32:USER32.dll
 0005:00001d2c       __imp__RedrawWindow@16     1022ed2c     user32:USER32.dll
 0005:00001d30       __imp__LockWindowUpdate@4  1022ed30     user32:USER32.dll
 0005:00001d34       __imp__GetDCEx@12          1022ed34     user32:USER32.dll
 0005:00001d38       __imp__ShowOwnedPopups@8   1022ed38     user32:USER32.dll
 0005:00001d3c       __imp__IsWindowVisible@4   1022ed3c     user32:USER32.dll
 0005:00001d40       __imp__ValidateRgn@8       1022ed40     user32:USER32.dll
 0005:00001d44       __imp__ValidateRect@8      1022ed44     user32:USER32.dll
 0005:00001d48       __imp__InvalidateRgn@12    1022ed48     user32:USER32.dll
 0005:00001d4c       __imp__InvalidateRect@12   1022ed4c     user32:USER32.dll
 0005:00001d50       __imp__GetUpdateRgn@12     1022ed50     user32:USER32.dll
 0005:00001d54       __imp__GetUpdateRect@12    1022ed54     user32:USER32.dll
 0005:00001d58       __imp__UpdateWindow@4      1022ed58     user32:USER32.dll
 0005:00001d5c       __imp__ReleaseDC@8         1022ed5c     user32:USER32.dll
 0005:00001d60       __imp__GetWindowDC@4       1022ed60     user32:USER32.dll
 0005:00001d64       __imp__GetDC@4             1022ed64     user32:USER32.dll
 0005:00001d68       __imp__GetSysColor@4       1022ed68     user32:USER32.dll
 0005:00001d6c       __imp__SendMessageA@16     1022ed6c     user32:USER32.dll
 0005:00001d70       __imp__wsprintfA           1022ed70     user32:USER32.dll
 0005:00001d74       __imp__GetSystemMetrics@4  1022ed74     user32:USER32.dll
 0005:00001d78       __imp__FindWindowA@8       1022ed78     user32:USER32.dll
 0005:00001d7c       __imp__CharLowerW@4        1022ed7c     user32:USER32.dll
 0005:00001d80       __imp__CharLowerA@4        1022ed80     user32:USER32.dll
 0005:00001d84       __imp__MsgWaitForMultipleObjects@20 1022ed84     user32:USER32.dll
 0005:00001d88       __imp__IsWindowUnicode@4   1022ed88     user32:USER32.dll
 0005:00001d8c       __imp__GetMessageW@16      1022ed8c     user32:USER32.dll
 0005:00001d90       __imp__DispatchMessageW@4  1022ed90     user32:USER32.dll
 0005:00001d94       __imp__SubtractRect@12     1022ed94     user32:USER32.dll
 0005:00001d98       __imp__UnionRect@12        1022ed98     user32:USER32.dll
 0005:00001d9c       __imp__InflateRect@12      1022ed9c     user32:USER32.dll
 0005:00001da0       __imp__SetRect@20          1022eda0     user32:USER32.dll
 0005:00001da4       __imp__EndPaint@8          1022eda4     user32:USER32.dll
 0005:00001da8       __imp__BeginPaint@8        1022eda8     user32:USER32.dll
 0005:00001dac       __imp__ClientToScreen@8    1022edac     user32:USER32.dll
 0005:00001db0       __imp__BringWindowToTop@4  1022edb0     user32:USER32.dll
 0005:00001db4       __imp__GetWindowRgn@8      1022edb4     user32:USER32.dll
 0005:00001db8       __imp__SetWindowRgn@12     1022edb8     user32:USER32.dll
 0005:00001dbc       __imp__ArrangeIconicWindows@4 1022edbc     user32:USER32.dll
 0005:00001dc0       __imp__IsZoomed@4          1022edc0     user32:USER32.dll
 0005:00001dc4       __imp__HiliteMenuItem@16   1022edc4     user32:USER32.dll
 0005:00001dc8       __imp__GetSystemMenu@8     1022edc8     user32:USER32.dll
 0005:00001dcc       __imp__DrawMenuBar@4       1022edcc     user32:USER32.dll
 0005:00001dd0       __imp__SetMenu@8           1022edd0     user32:USER32.dll
 0005:00001dd4       __imp__GetMenu@4           1022edd4     user32:USER32.dll
 0005:00001dd8       __imp__DragDetect@12       1022edd8     user32:USER32.dll
 0005:00001ddc       __imp__PostMessageA@16     1022eddc     user32:USER32.dll
 0005:00001de0       __imp__ReleaseCapture@0    1022ede0     user32:USER32.dll
 0005:00001de4       __imp__GetDialogBaseUnits@0 1022ede4     user32:USER32.dll
 0005:00001de8       __imp__LoadAcceleratorsA@8 1022ede8     user32:USER32.dll
 0005:00001dec       __imp__TranslateAcceleratorA@12 1022edec     user32:USER32.dll
 0005:00001df0       __imp__ReuseDDElParam@20   1022edf0     user32:USER32.dll
 0005:00001df4       __imp__DestroyIcon@4       1022edf4     user32:USER32.dll
 0005:00001df8       __imp__EnableWindow@8      1022edf8     user32:USER32.dll
 0005:00001dfc       __imp__IsWindowEnabled@4   1022edfc     user32:USER32.dll
 0005:00001e00       __imp__ShowWindow@8        1022ee00     user32:USER32.dll
 0005:00001e04       __imp__MoveWindow@24       1022ee04     user32:USER32.dll
 0005:00001e08       __imp__SetWindowTextA@8    1022ee08     user32:USER32.dll
 0005:00001e0c       __imp__IsDialogMessageA@8  1022ee0c     user32:USER32.dll
 0005:00001e10       __imp__ScrollWindowEx@32   1022ee10     user32:USER32.dll
 0005:00001e14       __imp__IsDlgButtonChecked@8 1022ee14     user32:USER32.dll
 0005:00001e18       __imp__SetDlgItemTextA@12  1022ee18     user32:USER32.dll
 0005:00001e1c       __imp__SetDlgItemInt@16    1022ee1c     user32:USER32.dll
 0005:00001e20       __imp__GetDlgItemTextA@16  1022ee20     user32:USER32.dll
 0005:00001e24       __imp__GetDlgItemInt@16    1022ee24     user32:USER32.dll
 0005:00001e28       __imp__CheckRadioButton@16 1022ee28     user32:USER32.dll
 0005:00001e2c       __imp__CheckDlgButton@12   1022ee2c     user32:USER32.dll
 0005:00001e30       __imp__RegisterWindowMessageA@4 1022ee30     user32:USER32.dll
 0005:00001e34       __imp__LoadIconA@8         1022ee34     user32:USER32.dll
 0005:00001e38       __imp__SendDlgItemMessageA@20 1022ee38     user32:USER32.dll
 0005:00001e3c       __imp__GetClientRect@8     1022ee3c     user32:USER32.dll
 0005:00001e40       __imp__MapWindowPoints@16  1022ee40     user32:USER32.dll
 0005:00001e44       __imp__PeekMessageA@20     1022ee44     user32:USER32.dll
 0005:00001e48       __imp__DispatchMessageA@4  1022ee48     user32:USER32.dll
 0005:00001e4c       __imp__GetFocus@0          1022ee4c     user32:USER32.dll
 0005:00001e50       __imp__SetActiveWindow@4   1022ee50     user32:USER32.dll
 0005:00001e54       __imp__SetFocus@4          1022ee54     user32:USER32.dll
 0005:00001e58       __imp__AdjustWindowRectEx@16 1022ee58     user32:USER32.dll
 0005:00001e5c       __imp__ScreenToClient@8    1022ee5c     user32:USER32.dll
 0005:00001e60       __imp__EqualRect@8         1022ee60     user32:USER32.dll
 0005:00001e64       __imp__DeferWindowPos@32   1022ee64     user32:USER32.dll
 0005:00001e68       __imp__BeginDeferWindowPos@4 1022ee68     user32:USER32.dll
 0005:00001e6c       __imp__CopyRect@8          1022ee6c     user32:USER32.dll
 0005:00001e70       __imp__EndDeferWindowPos@4 1022ee70     user32:USER32.dll
 0005:00001e74       __imp__ScrollWindow@20     1022ee74     user32:USER32.dll
 0005:00001e78       __imp__GetScrollInfo@12    1022ee78     user32:USER32.dll
 0005:00001e7c       __imp__SetScrollInfo@16    1022ee7c     user32:USER32.dll
 0005:00001e80       __imp__GetScrollRange@16   1022ee80     user32:USER32.dll
 0005:00001e84       __imp__SetScrollRange@20   1022ee84     user32:USER32.dll
 0005:00001e88       __imp__GetScrollPos@8      1022ee88     user32:USER32.dll
 0005:00001e8c       __imp__GetKeyNameTextA@12  1022ee8c     user32:USER32.dll
 0005:00001e90       __imp__MapVirtualKeyA@8    1022ee90     user32:USER32.dll
 0005:00001e94       __imp__IsClipboardFormatAvailable@4 1022ee94     user32:USER32.dll
 0005:00001e98       __imp__MessageBeep@4       1022ee98     user32:USER32.dll
 0005:00001e9c       __imp__DlgDirListA@20      1022ee9c     user32:USER32.dll
 0005:00001ea0       __imp__PtInRect@12         1022eea0     user32:USER32.dll
 0005:00001ea4       __imp__IsRectEmpty@4       1022eea4     user32:USER32.dll
 0005:00001ea8       __imp__CharUpperW@4        1022eea8     user32:USER32.dll
 0005:00001eac       __imp__CharUpperA@4        1022eeac     user32:USER32.dll
 0005:00001eb0       __imp__LoadImageA@24       1022eeb0     user32:USER32.dll
 0005:00001eb4       __imp__CopyImage@20        1022eeb4     user32:USER32.dll
 0005:00001eb8       __imp__GetWindowRect@8     1022eeb8     user32:USER32.dll
 0005:00001ebc       __imp__GetWindowPlacement@8 1022eebc     user32:USER32.dll
 0005:00001ec0       __imp__IsIconic@4          1022eec0     user32:USER32.dll
 0005:00001ec4       __imp__SystemParametersInfoA@16 1022eec4     user32:USER32.dll
 0005:00001ec8       __imp__IntersectRect@12    1022eec8     user32:USER32.dll
 0005:00001ecc       __imp__OffsetRect@12       1022eecc     user32:USER32.dll
 0005:00001ed0       __imp__SetWindowPos@28     1022eed0     user32:USER32.dll
 0005:00001ed4       __imp__SetWindowLongA@12   1022eed4     user32:USER32.dll
 0005:00001ed8       __imp__GetWindowLongA@8    1022eed8     user32:USER32.dll
 0005:00001edc       __imp__GetMessagePos@0     1022eedc     user32:USER32.dll
 0005:00001ee0       __imp__GetMessageTime@0    1022eee0     user32:USER32.dll
 0005:00001ee4       __imp__DefWindowProcA@16   1022eee4     user32:USER32.dll
 0005:00001ee8       __imp__RemovePropA@8       1022eee8     user32:USER32.dll
 0005:00001eec       __imp__CallWindowProcA@20  1022eeec     user32:USER32.dll
 0005:00001ef0       __imp__GetPropA@8          1022eef0     user32:USER32.dll
 0005:00001ef4       __imp__UnhookWindowsHookEx@4 1022eef4     user32:USER32.dll
 0005:00001ef8       __imp__SetScrollPos@16     1022eef8     user32:USER32.dll
 0005:00001efc       __imp__GetTopWindow@4      1022eefc     user32:USER32.dll
 0005:00001f00       __imp__MessageBoxA@16      1022ef00     user32:USER32.dll
 0005:00001f04       __imp__IsChild@8           1022ef04     user32:USER32.dll
 0005:00001f08       __imp__GetParent@4         1022ef08     user32:USER32.dll
 0005:00001f0c       __imp__GetWindow@8         1022ef0c     user32:USER32.dll
 0005:00001f10       __imp__GetCapture@0        1022ef10     user32:USER32.dll
 0005:00001f14       __imp__WinHelpA@16         1022ef14     user32:USER32.dll
 0005:00001f18       __imp__GetClassInfoA@12    1022ef18     user32:USER32.dll
 0005:00001f1c       __imp__RegisterClassA@4    1022ef1c     user32:USER32.dll
 0005:00001f20       __imp__UnregisterClassA@8  1022ef20     user32:USER32.dll
 0005:00001f24       __imp__TrackPopupMenuEx@24 1022ef24     user32:USER32.dll
 0005:00001f28       __imp__TrackPopupMenu@28   1022ef28     user32:USER32.dll
 0005:00001f2c       __imp__SetWindowPlacement@8 1022ef2c     user32:USER32.dll
 0005:00001f30       __imp__GetDlgItem@8        1022ef30     user32:USER32.dll
 0005:00001f34       __imp__GetWindowTextLengthA@4 1022ef34     user32:USER32.dll
 0005:00001f38       __imp__GetWindowTextA@12   1022ef38     user32:USER32.dll
 0005:00001f3c       __imp__GetKeyState@4       1022ef3c     user32:USER32.dll
 0005:00001f40       __imp__DestroyWindow@4     1022ef40     user32:USER32.dll
 0005:00001f44       __imp__GetDlgCtrlID@4      1022ef44     user32:USER32.dll
 0005:00001f48       __imp__IsWindow@4          1022ef48     user32:USER32.dll
 0005:00001f4c       __imp__CreateWindowExA@48  1022ef4c     user32:USER32.dll
 0005:00001f50       __imp__SetWindowsHookExA@16 1022ef50     user32:USER32.dll
 0005:00001f54       __imp__CallNextHookEx@16   1022ef54     user32:USER32.dll
 0005:00001f58       __imp__GetClassLongA@8     1022ef58     user32:USER32.dll
 0005:00001f5c       __imp__GetClassInfoExA@12  1022ef5c     user32:USER32.dll
 0005:00001f60       __imp__GetClassNameA@12    1022ef60     user32:USER32.dll
 0005:00001f64       __imp__SetPropA@12         1022ef64     user32:USER32.dll
 0005:00001f68       __imp__SetCursor@4         1022ef68     user32:USER32.dll
 0005:00001f6c       \177USER32_NULL_THUNK_DATA 1022ef6c     user32:USER32.dll
 0005:00002058       __imp__GetFileVersionInfoA@16 1022f058     version:VERSION.dll
 0005:0000205c       __imp__GetFileVersionInfoSizeA@8 1022f05c     version:VERSION.dll
 0005:00002060       __imp__VerQueryValueA@16   1022f060     version:VERSION.dll
 0005:00002064       \177VERSION_NULL_THUNK_DATA 1022f064     version:VERSION.dll
 0005:00002090       __imp__OpenPrinterA@12     1022f090     winspool:WINSPOOL.DRV
 0005:00002094       __imp__GetJobA@24          1022f094     winspool:WINSPOOL.DRV
 0005:00002098       __imp__ClosePrinter@4      1022f098     winspool:WINSPOOL.DRV
 0005:0000209c       __imp__DocumentPropertiesA@24 1022f09c     winspool:WINSPOOL.DRV
 0005:000020a0       \177WINSPOOL_NULL_THUNK_DATA 1022f0a0     winspool:WINSPOOL.DRV
 0005:000020cc       __imp__CommDlgExtendedError@0 1022f0cc     comdlg32:comdlg32.dll
 0005:000020d0       __imp__PrintDlgA@4         1022f0d0     comdlg32:comdlg32.dll
 0005:000020d4       __imp__PageSetupDlgA@4     1022f0d4     comdlg32:comdlg32.dll
 0005:000020d8       __imp__FindTextA@4         1022f0d8     comdlg32:comdlg32.dll
 0005:000020dc       __imp__ReplaceTextA@4      1022f0dc     comdlg32:comdlg32.dll
 0005:000020e0       __imp__ChooseColorA@4      1022f0e0     comdlg32:comdlg32.dll
 0005:000020e4       __imp__GetFileTitleA@12    1022f0e4     comdlg32:comdlg32.dll
 0005:000020e8       __imp__GetOpenFileNameA@4  1022f0e8     comdlg32:comdlg32.dll
 0005:000020ec       __imp__GetSaveFileNameA@4  1022f0ec     comdlg32:comdlg32.dll
 0005:000020f0       \177comdlg32_NULL_THUNK_DATA 1022f0f0     comdlg32:comdlg32.dll
 0005:00002120       __imp__WriteFmtUserTypeStg@12 1022f120     ole32:ole32.dll
 0005:00002124       __imp__SetConvertStg@8     1022f124     ole32:ole32.dll
 0005:00002128       __imp__WriteClassStg@8     1022f128     ole32:ole32.dll
 0005:0000212c       __imp__CreateBindCtx@8     1022f12c     ole32:ole32.dll
 0005:00002130       __imp__CoTaskMemAlloc@4    1022f130     ole32:ole32.dll
 0005:00002134       __imp__OleDuplicateData@12 1022f134     ole32:ole32.dll
 0005:00002138       __imp__OleRegGetUserType@12 1022f138     ole32:ole32.dll
 0005:0000213c       __imp__ReadFmtUserTypeStg@12 1022f13c     ole32:ole32.dll
 0005:00002140       __imp__ReadClassStg@8      1022f140     ole32:ole32.dll
 0005:00002144       __imp__StringFromCLSID@8   1022f144     ole32:ole32.dll
 0005:00002148       __imp__CoTreatAsClass@8    1022f148     ole32:ole32.dll
 0005:0000214c       __imp__ReleaseStgMedium@4  1022f14c     ole32:ole32.dll
 0005:00002150       __imp__CoRegisterClassObject@20 1022f150     ole32:ole32.dll
 0005:00002154       __imp__CoRevokeClassObject@4 1022f154     ole32:ole32.dll
 0005:00002158       __imp__CoDisconnectObject@8 1022f158     ole32:ole32.dll
 0005:0000215c       __imp__CoCreateInstance@20 1022f15c     ole32:ole32.dll
 0005:00002160       __imp__StringFromGUID2@12  1022f160     ole32:ole32.dll
 0005:00002164       __imp__CoReleaseMarshalData@4 1022f164     ole32:ole32.dll
 0005:00002168       __imp__CoMarshalInterface@24 1022f168     ole32:ole32.dll
 0005:0000216c       __imp__CreateStreamOnHGlobal@12 1022f16c     ole32:ole32.dll
 0005:00002170       __imp__CoUnmarshalInterface@12 1022f170     ole32:ole32.dll
 0005:00002174       __imp__CLSIDFromString@8   1022f174     ole32:ole32.dll
 0005:00002178       __imp__CLSIDFromProgID@8   1022f178     ole32:ole32.dll
 0005:0000217c       __imp__OleRun@4            1022f17c     ole32:ole32.dll
 0005:00002180       __imp__CoTaskMemFree@4     1022f180     ole32:ole32.dll
 0005:00002184       \177ole32_NULL_THUNK_DATA  1022f184     ole32:ole32.dll
 0006:00000000       __DELAY_IMPORT_DESCRIPTOR_OLEACC 10233000     oleacc:OLEACC.dll
 0006:00000020       __NULL_DELAY_IMPORT_DESCRIPTOR 10233020     oleacc:OLEACC.dll
 0006:0000004c       \177OLEACC_NULL_THUNK_DATA_DLN 1023304c     oleacc:OLEACC.dll
 0006:00000078       __imp__LresultFromObject@12 10233078     oleacc:OLEACC.dll
 0006:0000007c       __imp__AccessibleObjectFromWindow@16 1023307c     oleacc:OLEACC.dll
 0006:00000080       __imp__CreateStdAccessibleObject@16 10233080     oleacc:OLEACC.dll
 0006:00000084       \177OLEACC_NULL_THUNK_DATA_DLA 10233084     oleacc:OLEACC.dll
 0006:0000020c       \177OLEACC_NULL_THUNK_DATA_DLB 1023320c     oleacc:OLEACC.dll

 entry point at        0002:00001351


 Exports

  ordinal    name

        1    ?ClearDeviceList@@YGXXZ (void __stdcall ClearDeviceList(void))
               exported name: ClearDeviceList
        2    ?CloseMiniX@@YGXXZ (void __stdcall CloseMiniX(void))
               exported name: CloseMiniX
        3    ?GetDeviceCount@@YGJXZ (long __stdcall GetDeviceCount(void))
               exported name: GetDeviceCount
        4    ?GetDeviceList@@YGXXZ (void __stdcall GetDeviceList(void))
               exported name: GetDeviceList
        5    ?GetDeviceSerialNumberByIndex@@YGJJPAD@Z (long __stdcall GetDeviceSerialNumberByIndex(long,char *))
               exported name: GetDeviceSerialNumberByIndex
        6    ?OpenMiniX@@YGXXZ (void __stdcall OpenMiniX(void))
               exported name: OpenMiniX
        7    ?ReadMiniXMonitor@@YGXPAU_MiniX_Monitor@@@Z (void __stdcall ReadMiniXMonitor(struct _MiniX_Monitor *))
               exported name: ReadMiniXMonitor
        8    ?ReadMiniXSerialNumber@@YGJXZ (long __stdcall ReadMiniXSerialNumber(void))
               exported name: ReadMiniXSerialNumber
        9    ?ReadMiniXSettings@@YGXPAU_MiniX_Settings@@@Z (void __stdcall ReadMiniXSettings(struct _MiniX_Settings *))
               exported name: ReadMiniXSettings
       10    ?ReadMinixOemMxDeviceType@@YGJXZ (long __stdcall ReadMinixOemMxDeviceType(void))
               exported name: ReadMinixOemMxDeviceType
       11    ?SendMiniXCommand@@YGXE@Z (void __stdcall SendMiniXCommand(unsigned char))
               exported name: SendMiniXCommand
       12    ?SetDevice@@YGXJ@Z (void __stdcall SetDevice(long))
               exported name: SetDevice
       13    ?SetMiniXCurrent@@YGXN@Z (void __stdcall SetMiniXCurrent(double))
               exported name: SetMiniXCurrent
       14    ?SetMiniXHV@@YGXN@Z (void __stdcall SetMiniXHV(double))
               exported name: SetMiniXHV
       15    ?isMiniXDlg@@YGEXZ (unsigned char __stdcall isMiniXDlg(void))
               exported name: isMiniXDlg
       16    _DllCanUnloadNow@0
               exported name: DllCanUnloadNow
       17    _DllGetClassObject@12
               exported name: DllGetClassObject
       18    _DllRegisterServer@0
               exported name: DllRegisterServer
